Archive member included to satisfy reference by file (symbol)

c:/progra~2/gnuarm~1/102021~1.10/bin/../lib/gcc/arm-none-eabi/10.3.1/thumb/v7e-m/nofp\libgcc.a(_arm_addsubdf3.o)
                              CMakeFiles/i2c_comm.elf.dir/Src/main.c.obj (__aeabi_f2d)
c:/progra~2/gnuarm~1/102021~1.10/bin/../lib/gcc/arm-none-eabi/10.3.1/thumb/v7e-m/nofp\libgcc.a(_arm_addsubsf3.o)
                              CMakeFiles/i2c_comm.elf.dir/accelerometer/lsm6ds0.c.obj (__aeabi_i2f)
c:/progra~2/gnuarm~1/102021~1.10/bin/../lib/gcc/arm-none-eabi/10.3.1/thumb/v7e-m/nofp\libgcc.a(_arm_muldivsf3.o)
                              CMakeFiles/i2c_comm.elf.dir/accelerometer/lsm6ds0.c.obj (__aeabi_fdiv)
c:/progra~2/gnuarm~1/102021~1.10/bin/../lib/gcc/arm-none-eabi/10.3.1/../../../../arm-none-eabi/lib/thumb/v7e-m/nofp\libg.a(lib_a-errno.o)
                              CMakeFiles/i2c_comm.elf.dir/Src/syscalls.c.obj (__errno)
c:/progra~2/gnuarm~1/102021~1.10/bin/../lib/gcc/arm-none-eabi/10.3.1/../../../../arm-none-eabi/lib/thumb/v7e-m/nofp\libg.a(lib_a-exit.o)
                              c:/progra~2/gnuarm~1/102021~1.10/bin/../lib/gcc/arm-none-eabi/10.3.1/../../../../arm-none-eabi/lib/thumb/v7e-m/nofp/crt0.o (exit)
c:/progra~2/gnuarm~1/102021~1.10/bin/../lib/gcc/arm-none-eabi/10.3.1/../../../../arm-none-eabi/lib/thumb/v7e-m/nofp\libg.a(lib_a-impure.o)
                              c:/progra~2/gnuarm~1/102021~1.10/bin/../lib/gcc/arm-none-eabi/10.3.1/../../../../arm-none-eabi/lib/thumb/v7e-m/nofp\libg.a(lib_a-exit.o) (_global_impure_ptr)
c:/progra~2/gnuarm~1/102021~1.10/bin/../lib/gcc/arm-none-eabi/10.3.1/../../../../arm-none-eabi/lib/thumb/v7e-m/nofp\libg.a(lib_a-init.o)
                              c:/progra~2/gnuarm~1/102021~1.10/bin/../lib/gcc/arm-none-eabi/10.3.1/../../../../arm-none-eabi/lib/thumb/v7e-m/nofp/crt0.o (__libc_init_array)
c:/progra~2/gnuarm~1/102021~1.10/bin/../lib/gcc/arm-none-eabi/10.3.1/../../../../arm-none-eabi/lib/thumb/v7e-m/nofp\libg.a(lib_a-memset.o)
                              c:/progra~2/gnuarm~1/102021~1.10/bin/../lib/gcc/arm-none-eabi/10.3.1/../../../../arm-none-eabi/lib/thumb/v7e-m/nofp/crt0.o (memset)
c:/progra~2/gnuarm~1/102021~1.10/bin/../lib/gcc/arm-none-eabi/10.3.1/../../../../arm-none-eabi/lib/thumb/v7e-m/nofp\libg.a(lib_a-sprintf.o)
                              CMakeFiles/i2c_comm.elf.dir/Src/main.c.obj (sprintf)
c:/progra~2/gnuarm~1/102021~1.10/bin/../lib/gcc/arm-none-eabi/10.3.1/../../../../arm-none-eabi/lib/thumb/v7e-m/nofp\libg.a(lib_a-strlen.o)
                              CMakeFiles/i2c_comm.elf.dir/Src/main.c.obj (strlen)
c:/progra~2/gnuarm~1/102021~1.10/bin/../lib/gcc/arm-none-eabi/10.3.1/../../../../arm-none-eabi/lib/thumb/v7e-m/nofp\libg.a(lib_a-svfprintf.o)
                              c:/progra~2/gnuarm~1/102021~1.10/bin/../lib/gcc/arm-none-eabi/10.3.1/../../../../arm-none-eabi/lib/thumb/v7e-m/nofp\libg.a(lib_a-sprintf.o) (_svfprintf_r)
c:/progra~2/gnuarm~1/102021~1.10/bin/../lib/gcc/arm-none-eabi/10.3.1/../../../../arm-none-eabi/lib/thumb/v7e-m/nofp\libg.a(lib_a-__call_atexit.o)
                              c:/progra~2/gnuarm~1/102021~1.10/bin/../lib/gcc/arm-none-eabi/10.3.1/../../../../arm-none-eabi/lib/thumb/v7e-m/nofp\libg.a(lib_a-exit.o) (__call_exitprocs)
c:/progra~2/gnuarm~1/102021~1.10/bin/../lib/gcc/arm-none-eabi/10.3.1/../../../../arm-none-eabi/lib/thumb/v7e-m/nofp\libg.a(lib_a-atexit.o)
                              c:/progra~2/gnuarm~1/102021~1.10/bin/../lib/gcc/arm-none-eabi/10.3.1/../../../../arm-none-eabi/lib/thumb/v7e-m/nofp\libg.a(lib_a-__call_atexit.o) (atexit)
c:/progra~2/gnuarm~1/102021~1.10/bin/../lib/gcc/arm-none-eabi/10.3.1/../../../../arm-none-eabi/lib/thumb/v7e-m/nofp\libg.a(lib_a-dtoa.o)
                              c:/progra~2/gnuarm~1/102021~1.10/bin/../lib/gcc/arm-none-eabi/10.3.1/../../../../arm-none-eabi/lib/thumb/v7e-m/nofp\libg.a(lib_a-svfprintf.o) (_dtoa_r)
c:/progra~2/gnuarm~1/102021~1.10/bin/../lib/gcc/arm-none-eabi/10.3.1/../../../../arm-none-eabi/lib/thumb/v7e-m/nofp\libg.a(lib_a-fini.o)
                              c:/progra~2/gnuarm~1/102021~1.10/bin/../lib/gcc/arm-none-eabi/10.3.1/../../../../arm-none-eabi/lib/thumb/v7e-m/nofp\libg.a(lib_a-__call_atexit.o) (__libc_fini_array)
c:/progra~2/gnuarm~1/102021~1.10/bin/../lib/gcc/arm-none-eabi/10.3.1/../../../../arm-none-eabi/lib/thumb/v7e-m/nofp\libg.a(lib_a-freer.o)
                              c:/progra~2/gnuarm~1/102021~1.10/bin/../lib/gcc/arm-none-eabi/10.3.1/../../../../arm-none-eabi/lib/thumb/v7e-m/nofp\libg.a(lib_a-svfprintf.o) (_free_r)
c:/progra~2/gnuarm~1/102021~1.10/bin/../lib/gcc/arm-none-eabi/10.3.1/../../../../arm-none-eabi/lib/thumb/v7e-m/nofp\libg.a(lib_a-localeconv.o)
                              c:/progra~2/gnuarm~1/102021~1.10/bin/../lib/gcc/arm-none-eabi/10.3.1/../../../../arm-none-eabi/lib/thumb/v7e-m/nofp\libg.a(lib_a-svfprintf.o) (_localeconv_r)
[...]
Memory Configuration

Name             Origin             Length             Attributes
FLASH            0x08000000         0x00010000         xr
CCMRAM           0x10000000         0x00001000         xrw
RAM              0x20000000         0x00003000         xrw
*default*        0x00000000         0xffffffff

Linker script and memory map

LOAD c:/progra~2/gnuarm~1/102021~1.10/bin/../lib/gcc/arm-none-eabi/10.3.1/thumb/v7e-m/nofp/crti.o
LOAD c:/progra~2/gnuarm~1/102021~1.10/bin/../lib/gcc/arm-none-eabi/10.3.1/thumb/v7e-m/nofp/crtbegin.o
LOAD c:/progra~2/gnuarm~1/102021~1.10/bin/../lib/gcc/arm-none-eabi/10.3.1/../../../../arm-none-eabi/lib/thumb/v7e-m/nofp/crt0.o
LOAD CMakeFiles/i2c_comm.elf.dir/Drivers/STM32F3xx_HAL_Driver/Src/stm32f3xx_hal.c.obj
LOAD CMakeFiles/i2c_comm.elf.dir/Drivers/STM32F3xx_HAL_Driver/Src/stm32f3xx_hal_cortex.c.obj
LOAD CMakeFiles/i2c_comm.elf.dir/Drivers/STM32F3xx_HAL_Driver/Src/stm32f3xx_hal_dma.c.obj
LOAD CMakeFiles/i2c_comm.elf.dir/Drivers/STM32F3xx_HAL_Driver/Src/stm32f3xx_hal_flash.c.obj
LOAD CMakeFiles/i2c_comm.elf.dir/Drivers/STM32F3xx_HAL_Driver/Src/stm32f3xx_hal_flash_ex.c.obj
LOAD CMakeFiles/i2c_comm.elf.dir/Drivers/STM32F3xx_HAL_Driver/Src/stm32f3xx_hal_gpio.c.obj
LOAD CMakeFiles/i2c_comm.elf.dir/Drivers/STM32F3xx_HAL_Driver/Src/stm32f3xx_hal_i2c.c.obj
LOAD CMakeFiles/i2c_comm.elf.dir/Drivers/STM32F3xx_HAL_Driver/Src/stm32f3xx_hal_i2c_ex.c.obj
LOAD CMakeFiles/i2c_comm.elf.dir/Drivers/STM32F3xx_HAL_Driver/Src/stm32f3xx_hal_pwr.c.obj
LOAD CMakeFiles/i2c_comm.elf.dir/Drivers/STM32F3xx_HAL_Driver/Src/stm32f3xx_hal_pwr_ex.c.obj
LOAD CMakeFiles/i2c_comm.elf.dir/Drivers/STM32F3xx_HAL_Driver/Src/stm32f3xx_hal_rcc.c.obj
LOAD CMakeFiles/i2c_comm.elf.dir/Drivers/STM32F3xx_HAL_Driver/Src/stm32f3xx_hal_rcc_ex.c.obj
LOAD CMakeFiles/i2c_comm.elf.dir/Drivers/STM32F3xx_HAL_Driver/Src/stm32f3xx_hal_tim.c.obj
LOAD CMakeFiles/i2c_comm.elf.dir/Drivers/STM32F3xx_HAL_Driver/Src/stm32f3xx_hal_tim_ex.c.obj
LOAD CMakeFiles/i2c_comm.elf.dir/Drivers/STM32F3xx_HAL_Driver/Src/stm32f3xx_hal_uart.c.obj
LOAD CMakeFiles/i2c_comm.elf.dir/Drivers/STM32F3xx_HAL_Driver/Src/stm32f3xx_hal_uart_ex.c.obj
LOAD CMakeFiles/i2c_comm.elf.dir/Drivers/STM32F3xx_HAL_Driver/Src/stm32f3xx_ll_dma.c.obj
LOAD CMakeFiles/i2c_comm.elf.dir/Drivers/STM32F3xx_HAL_Driver/Src/stm32f3xx_ll_exti.c.obj
LOAD CMakeFiles/i2c_comm.elf.dir/Drivers/STM32F3xx_HAL_Driver/Src/stm32f3xx_ll_gpio.c.obj
LOAD CMakeFiles/i2c_comm.elf.dir/Drivers/STM32F3xx_HAL_Driver/Src/stm32f3xx_ll_i2c.c.obj
LOAD CMakeFiles/i2c_comm.elf.dir/Drivers/STM32F3xx_HAL_Driver/Src/stm32f3xx_ll_rcc.c.obj
LOAD CMakeFiles/i2c_comm.elf.dir/Drivers/STM32F3xx_HAL_Driver/Src/stm32f3xx_ll_usart.c.obj
LOAD CMakeFiles/i2c_comm.elf.dir/Drivers/STM32F3xx_HAL_Driver/Src/stm32f3xx_ll_utils.c.obj
LOAD CMakeFiles/i2c_comm.elf.dir/Src/dma.c.obj
LOAD CMakeFiles/i2c_comm.elf.dir/Src/gpio.c.obj
LOAD CMakeFiles/i2c_comm.elf.dir/Src/i2c.c.obj
LOAD CMakeFiles/i2c_comm.elf.dir/Src/main.c.obj
LOAD CMakeFiles/i2c_comm.elf.dir/Src/stm32f3xx_hal_msp.c.obj
LOAD CMakeFiles/i2c_comm.elf.dir/Src/stm32f3xx_it.c.obj
LOAD CMakeFiles/i2c_comm.elf.dir/Src/syscalls.c.obj
LOAD CMakeFiles/i2c_comm.elf.dir/Src/sysmem.c.obj
LOAD CMakeFiles/i2c_comm.elf.dir/Src/system_stm32f3xx.c.obj
LOAD CMakeFiles/i2c_comm.elf.dir/Src/usart.c.obj
LOAD CMakeFiles/i2c_comm.elf.dir/Startup/startup_stm32f303k8tx.s.obj
LOAD CMakeFiles/i2c_comm.elf.dir/accelerometer/lsm6ds0.c.obj
LOAD CMakeFiles/i2c_comm.elf.dir/compass/lis3mdltr.c.obj
START GROUP
LOAD c:/progra~2/gnuarm~1/102021~1.10/bin/../lib/gcc/arm-none-eabi/10.3.1/thumb/v7e-m/nofp\libgcc.a
LOAD c:/progra~2/gnuarm~1/102021~1.10/bin/../lib/gcc/arm-none-eabi/10.3.1/../../../../arm-none-eabi/lib/thumb/v7e-m/nofp\libg.a
LOAD c:/progra~2/gnuarm~1/102021~1.10/bin/../lib/gcc/arm-none-eabi/10.3.1/../../../../arm-none-eabi/lib/thumb/v7e-m/nofp\libc.a
END GROUP
LOAD c:/progra~2/gnuarm~1/102021~1.10/bin/../lib/gcc/arm-none-eabi/10.3.1/thumb/v7e-m/nofp/crtend.o
LOAD c:/progra~2/gnuarm~1/102021~1.10/bin/../lib/gcc/arm-none-eabi/10.3.1/thumb/v7e-m/nofp/crtn.o
                0x20003000                _estack = 0x20003000
                0x00000200                _Min_Heap_Size = 0x200
                0x00000400                _Min_Stack_Size = 0x400

.isr_vector     0x08000000      0x188
                0x08000000                . = ALIGN (0x4)
 *(.isr_vector)
 .isr_vector    0x08000000      0x188 CMakeFiles/i2c_comm.elf.dir/Startup/startup_stm32f303k8tx.s.obj
                0x08000000                g_pfnVectors
                0x08000188                . = ALIGN (0x4)

.text           0x080001c0     0x7f18
                0x080001c0                . = ALIGN (0x4)
 *(.text)
 .text          0x080001c0       0x40 c:/progra~2/gnuarm~1/102021~1.10/bin/../lib/gcc/arm-none-eabi/10.3.1/thumb/v7e-m/nofp/crtbegin.o
 .text          0x08000200      0x378 c:/progra~2/gnuarm~1/102021~1.10/bin/../lib/gcc/arm-none-eabi/10.3.1/thumb/v7e-m/nofp\libgcc.a(_arm_addsubdf3.o)
                0x08000200                __aeabi_drsub
                0x08000208                __aeabi_dsub
                0x08000208                __subdf3
                0x0800020c                __aeabi_dadd
                0x0800020c                __adddf3
                0x08000484                __floatunsidf
                0x08000484                __aeabi_ui2d
                0x080004a4                __floatsidf
                0x080004a4                __aeabi_i2d
                0x080004c8                __aeabi_f2d
                0x080004c8                __extendsfdf2
                0x0800050c                __floatundidf
                0x0800050c                __aeabi_ul2d
                0x0800051c                __floatdidf
                0x0800051c                __aeabi_l2d
 .text          0x08000578      0x21c c:/progra~2/gnuarm~1/102021~1.10/bin/../lib/gcc/arm-none-eabi/10.3.1/thumb/v7e-m/nofp\libgcc.a(_arm_addsubsf3.o)
                0x08000578                __aeabi_frsub
                0x08000580                __subsf3
                0x08000580                __aeabi_fsub
                0x08000584                __aeabi_fadd
                0x08000584                __addsf3
                0x080006e4                __aeabi_ui2f
                0x080006e4                __floatunsisf
                0x080006ec                __aeabi_i2f
                0x080006ec                __floatsisf
                0x08000708                __aeabi_ul2f
                0x08000708                __floatundisf
                0x08000718                __aeabi_l2f
                0x08000718                __floatdisf
 .text          0x08000794      0x2a0 c:/progra~2/gnuarm~1/102021~1.10/bin/../lib/gcc/arm-none-eabi/10.3.1/thumb/v7e-m/nofp\libgcc.a(_arm_muldivsf3.o)
                0x08000794                __mulsf3
                0x08000794                __aeabi_fmul
                0x080008fc                __aeabi_fdiv
                0x080008fc                __divsf3
 *fill*         0x08000a34        0xc 
 .text          0x08000a40       0xdc c:/progra~2/gnuarm~1/102021~1.10/bin/../lib/gcc/arm-none-eabi/10.3.1/../../../../arm-none-eabi/lib/thumb/v7e-m/nofp\libg.a(lib_a-strlen.o)
                0x08000a40                strlen
 *fill*         0x08000b1c        0x4 
 .text          0x08000b20       0xa0 c:/progra~2/gnuarm~1/102021~1.10/bin/../lib/gcc/arm-none-eabi/10.3.1/../../../../arm-none-eabi/lib/thumb/v7e-m/nofp\libg.a(lib_a-memchr.o)
                0x08000b20                memchr
 .text          0x08000bc0      0x134 c:/progra~2/gnuarm~1/102021~1.10/bin/../lib/gcc/arm-none-eabi/10.3.1/../../../../arm-none-eabi/lib/thumb/v7e-m/nofp\libg.a(lib_a-memcpy.o)
                0x08000bc0                memcpy
 .text          0x08000cf4      0x424 c:/progra~2/gnuarm~1/102021~1.10/bin/../lib/gcc/arm-none-eabi/10.3.1/thumb/v7e-m/nofp\libgcc.a(_arm_muldivdf3.o)
                0x08000cf4                __aeabi_dmul
                0x08000cf4                __muldf3
                0x08000f48                __divdf3
                0x08000f48                __aeabi_ddiv
 .text          0x08001118      0x110 c:/progra~2/gnuarm~1/102021~1.10/bin/../lib/gcc/arm-none-eabi/10.3.1/thumb/v7e-m/nofp\libgcc.a(_arm_cmpdf2.o)
                0x08001118                __gtdf2
                0x08001118                __gedf2
                0x08001120                __ltdf2
                0x08001120                __ledf2
                0x08001128                __nedf2
                0x08001128                __eqdf2
                0x08001128                __cmpdf2
                0x080011a4                __aeabi_cdrcmple
                0x080011b4                __aeabi_cdcmpeq
                0x080011b4                __aeabi_cdcmple
                0x080011c4                __aeabi_dcmpeq
                0x080011d8                __aeabi_dcmplt
                0x080011ec                __aeabi_dcmple
                0x08001200                __aeabi_dcmpge
                0x08001214                __aeabi_dcmpgt
 .text          0x08001228       0x2c c:/progra~2/gnuarm~1/102021~1.10/bin/../lib/gcc/arm-none-eabi/10.3.1/thumb/v7e-m/nofp\libgcc.a(_arm_unorddf2.o)
                0x08001228                __unorddf2
                0x08001228                __aeabi_dcmpun
 .text          0x08001254       0x50 c:/progra~2/gnuarm~1/102021~1.10/bin/../lib/gcc/arm-none-eabi/10.3.1/thumb/v7e-m/nofp\libgcc.a(_arm_fixdfsi.o)
                0x08001254                __aeabi_d2iz
                0x08001254                __fixdfsi
 .text          0x080012a4       0x30 c:/progra~2/gnuarm~1/102021~1.10/bin/../lib/gcc/arm-none-eabi/10.3.1/thumb/v7e-m/nofp\libgcc.a(_aeabi_uldivmod.o)
                0x080012a4                __aeabi_uldivmod
 .text          0x080012d4      0x2d0 c:/progra~2/gnuarm~1/102021~1.10/bin/../lib/gcc/arm-none-eabi/10.3.1/thumb/v7e-m/nofp\libgcc.a(_udivmoddi4.o)
                0x080012d4                __udivmoddi4
 .text          0x080015a4        0x4 c:/progra~2/gnuarm~1/102021~1.10/bin/../lib/gcc/arm-none-eabi/10.3.1/thumb/v7e-m/nofp\libgcc.a(_dvmd_tls.o)
                0x080015a4                __aeabi_idiv0
                0x080015a4                __aeabi_ldiv0
 *(.text*)
 .text.LL_GPIO_Init
                0x080015a8      0x146 CMakeFiles/i2c_comm.elf.dir/Drivers/STM32F3xx_HAL_Driver/Src/stm32f3xx_ll_gpio.c.obj
                0x080015a8                LL_GPIO_Init
 .text.LL_I2C_Init
                0x080016ee       0x6e CMakeFiles/i2c_comm.elf.dir/Drivers/STM32F3xx_HAL_Driver/Src/stm32f3xx_ll_i2c.c.obj
                0x080016ee                LL_I2C_Init
 .text.RCC_GetHCLKClockFreq
                0x0800175c       0x18 CMakeFiles/i2c_comm.elf.dir/Drivers/STM32F3xx_HAL_Driver/Src/stm32f3xx_ll_rcc.c.obj
                0x0800175c                RCC_GetHCLKClockFreq
 .text.RCC_GetPCLK1ClockFreq
                0x08001774       0x18 CMakeFiles/i2c_comm.elf.dir/Drivers/STM32F3xx_HAL_Driver/Src/stm32f3xx_ll_rcc.c.obj
                0x08001774                RCC_GetPCLK1ClockFreq
 .text.RCC_GetPCLK2ClockFreq
                0x0800178c       0x18 CMakeFiles/i2c_comm.elf.dir/Drivers/STM32F3xx_HAL_Driver/Src/stm32f3xx_ll_rcc.c.obj
                0x0800178c                RCC_GetPCLK2ClockFreq
 .text.RCC_PLL_GetFreqDomain_SYS
                0x080017a4       0x48 CMakeFiles/i2c_comm.elf.dir/Drivers/STM32F3xx_HAL_Driver/Src/stm32f3xx_ll_rcc.c.obj
                0x080017a4                RCC_PLL_GetFreqDomain_SYS
 .text.RCC_GetSystemClockFreq
                0x080017ec       0x20 CMakeFiles/i2c_comm.elf.dir/Drivers/STM32F3xx_HAL_Driver/Src/stm32f3xx_ll_rcc.c.obj
                0x080017ec                RCC_GetSystemClockFreq
 .text.LL_RCC_GetSystemClocksFreq
                0x0800180c       0x20 CMakeFiles/i2c_comm.elf.dir/Drivers/STM32F3xx_HAL_Driver/Src/stm32f3xx_ll_rcc.c.obj
                0x0800180c                LL_RCC_GetSystemClocksFreq
 .text.LL_RCC_GetUSARTClockFreq
                0x0800182c       0x5c CMakeFiles/i2c_comm.elf.dir/Drivers/STM32F3xx_HAL_Driver/Src/stm32f3xx_ll_rcc.c.obj
                0x0800182c                LL_RCC_GetUSARTClockFreq
 .text.LL_USART_Init
                0x08001888       0xc8 CMakeFiles/i2c_comm.elf.dir/Drivers/STM32F3xx_HAL_Driver/Src/stm32f3xx_ll_usart.c.obj
                0x08001888                LL_USART_Init
 .text.LL_Init1msTick
                0x08001950       0x20 CMakeFiles/i2c_comm.elf.dir/Drivers/STM32F3xx_HAL_Driver/Src/stm32f3xx_ll_utils.c.obj
                0x08001950                LL_Init1msTick
 .text.LL_mDelay
                0x08001970       0x2a CMakeFiles/i2c_comm.elf.dir/Drivers/STM32F3xx_HAL_Driver/Src/stm32f3xx_ll_utils.c.obj
                0x08001970                LL_mDelay
 *fill*         0x0800199a        0x2 
 .text.LL_SetSystemCoreClock
                0x0800199c        0xc CMakeFiles/i2c_comm.elf.dir/Drivers/STM32F3xx_HAL_Driver/Src/stm32f3xx_ll_utils.c.obj
                0x0800199c                LL_SetSystemCoreClock
 .text.MX_DMA_Init
                0x080019a8       0x3c CMakeFiles/i2c_comm.elf.dir/Src/dma.c.obj
                0x080019a8                MX_DMA_Init
 .text.MX_GPIO_Init
                0x080019e4       0x20 CMakeFiles/i2c_comm.elf.dir/Src/gpio.c.obj
                0x080019e4                MX_GPIO_Init
 .text.MX_I2C1_Init
                0x08001a04       0xdc CMakeFiles/i2c_comm.elf.dir/Src/i2c.c.obj
                0x08001a04                MX_I2C1_Init
 .text.i2c_master_write
                0x08001ae0       0x54 CMakeFiles/i2c_comm.elf.dir/Src/i2c.c.obj
                0x08001ae0                i2c_master_write
 .text.i2c_master_read
                0x08001b34       0xdc CMakeFiles/i2c_comm.elf.dir/Src/i2c.c.obj
                0x08001b34                i2c_master_read
 .text.I2C1_EV_IRQHandler
                0x08001c10       0x4c CMakeFiles/i2c_comm.elf.dir/Src/i2c.c.obj
                0x08001c10                I2C1_EV_IRQHandler
 .text.SystemClock_Config
                0x08001c5c       0x8c CMakeFiles/i2c_comm.elf.dir/Src/main.c.obj
                0x08001c5c                SystemClock_Config
 .text.main     0x08001ce8       0xd0 CMakeFiles/i2c_comm.elf.dir/Src/main.c.obj
                0x08001ce8                main
 .text.NMI_Handler
                0x08001db8        0x2 CMakeFiles/i2c_comm.elf.dir/Src/stm32f3xx_it.c.obj
                0x08001db8                NMI_Handler
 .text.HardFault_Handler
                0x08001dba        0x2 CMakeFiles/i2c_comm.elf.dir/Src/stm32f3xx_it.c.obj
                0x08001dba                HardFault_Handler
 .text.MemManage_Handler
                0x08001dbc        0x2 CMakeFiles/i2c_comm.elf.dir/Src/stm32f3xx_it.c.obj
                0x08001dbc                MemManage_Handler
 .text.BusFault_Handler
                0x08001dbe        0x2 CMakeFiles/i2c_comm.elf.dir/Src/stm32f3xx_it.c.obj
                0x08001dbe                BusFault_Handler
 .text.UsageFault_Handler
                0x08001dc0        0x2 CMakeFiles/i2c_comm.elf.dir/Src/stm32f3xx_it.c.obj
                0x08001dc0                UsageFault_Handler
 .text.SVC_Handler
                0x08001dc2        0x2 CMakeFiles/i2c_comm.elf.dir/Src/stm32f3xx_it.c.obj
                0x08001dc2                SVC_Handler
 .text.DebugMon_Handler
                0x08001dc4        0x2 CMakeFiles/i2c_comm.elf.dir/Src/stm32f3xx_it.c.obj
                0x08001dc4                DebugMon_Handler
 .text.PendSV_Handler
                0x08001dc6        0x2 CMakeFiles/i2c_comm.elf.dir/Src/stm32f3xx_it.c.obj
                0x08001dc6                PendSV_Handler
 .text.SysTick_Handler
                0x08001dc8        0x2 CMakeFiles/i2c_comm.elf.dir/Src/stm32f3xx_it.c.obj
                0x08001dc8                SysTick_Handler
 *fill*         0x08001dca        0x2 
 .text.DMA1_Channel7_IRQHandler
                0x08001dcc       0x34 CMakeFiles/i2c_comm.elf.dir/Src/stm32f3xx_it.c.obj
                0x08001dcc                DMA1_Channel7_IRQHandler
 .text._getpid  0x08001e00        0x4 CMakeFiles/i2c_comm.elf.dir/Src/syscalls.c.obj
                0x08001e00                _getpid
 .text._kill    0x08001e04       0x10 CMakeFiles/i2c_comm.elf.dir/Src/syscalls.c.obj
                0x08001e04                _kill
 .text._exit    0x08001e14        0xc CMakeFiles/i2c_comm.elf.dir/Src/syscalls.c.obj
                0x08001e14                _exit
 .text._read    0x08001e20       0x20 CMakeFiles/i2c_comm.elf.dir/Src/syscalls.c.obj
                0x08001e20                _read
 .text._write   0x08001e40       0x1c CMakeFiles/i2c_comm.elf.dir/Src/syscalls.c.obj
                0x08001e40                _write
 .text._close   0x08001e5c        0x6 CMakeFiles/i2c_comm.elf.dir/Src/syscalls.c.obj
                0x08001e5c                _close
 .text._fstat   0x08001e62        0xa CMakeFiles/i2c_comm.elf.dir/Src/syscalls.c.obj
                0x08001e62                _fstat
 .text._isatty  0x08001e6c        0x4 CMakeFiles/i2c_comm.elf.dir/Src/syscalls.c.obj
                0x08001e6c                _isatty
 .text._lseek   0x08001e70        0x4 CMakeFiles/i2c_comm.elf.dir/Src/syscalls.c.obj
                0x08001e70                _lseek
 .text._sbrk    0x08001e74       0x3c CMakeFiles/i2c_comm.elf.dir/Src/sysmem.c.obj
                0x08001e74                _sbrk
 .text.SystemInit
                0x08001eb0       0x5c CMakeFiles/i2c_comm.elf.dir/Src/system_stm32f3xx.c.obj
                0x08001eb0                SystemInit
 .text.MX_USART2_UART_Init
                0x08001f0c      0x140 CMakeFiles/i2c_comm.elf.dir/Src/usart.c.obj
                0x08001f0c                MX_USART2_UART_Init
 .text.USART2_PutBuffer
                0x0800204c       0x34 CMakeFiles/i2c_comm.elf.dir/Src/usart.c.obj
                0x0800204c                USART2_PutBuffer
 .text.Reset_Handler
                0x08002080       0x50 CMakeFiles/i2c_comm.elf.dir/Startup/startup_stm32f303k8tx.s.obj
                0x08002080                Reset_Handler
 .text.Default_Handler
                0x080020d0        0x2 CMakeFiles/i2c_comm.elf.dir/Startup/startup_stm32f303k8tx.s.obj
                0x080020d0                RTC_Alarm_IRQHandler
                0x080020d0                TIM1_CC_IRQHandler
                0x080020d0                PVD_IRQHandler
                0x080020d0                TAMP_STAMP_IRQHandler
                0x080020d0                EXTI3_IRQHandler
                0x080020d0                EXTI0_IRQHandler
                0x080020d0                FPU_IRQHandler
                0x080020d0                CAN_TX_IRQHandler
                0x080020d0                TIM1_UP_TIM16_IRQHandler
                0x080020d0                ADC1_2_IRQHandler
                0x080020d0                SPI1_IRQHandler
                0x080020d0                CAN_SCE_IRQHandler
                0x080020d0                DMA1_Channel4_IRQHandler
                0x080020d0                USART3_IRQHandler
                0x080020d0                TIM7_DAC2_IRQHandler
                0x080020d0                CAN_RX1_IRQHandler
                0x080020d0                DMA1_Channel6_IRQHandler
                0x080020d0                TIM3_IRQHandler
                0x080020d0                RCC_IRQHandler
                0x080020d0                DMA1_Channel1_IRQHandler
                0x080020d0                Default_Handler
                0x080020d0                EXTI15_10_IRQHandler
                0x080020d0                COMP2_IRQHandler
                0x080020d0                TIM6_DAC1_IRQHandler
                0x080020d0                EXTI9_5_IRQHandler
                0x080020d0                RTC_WKUP_IRQHandler
                0x080020d0                DMA1_Channel5_IRQHandler
                0x080020d0                EXTI4_IRQHandler
                0x080020d0                TIM1_TRG_COM_TIM17_IRQHandler
                0x080020d0                DMA1_Channel3_IRQHandler
                0x080020d0                WWDG_IRQHandler
                0x080020d0                TIM2_IRQHandler
                0x080020d0                EXTI1_IRQHandler
                0x080020d0                COMP4_6_IRQHandler
                0x080020d0                USART2_IRQHandler
                0x080020d0                DMA1_Channel2_IRQHandler
                0x080020d0                FLASH_IRQHandler
                0x080020d0                USART1_IRQHandler
                0x080020d0                CAN_RX0_IRQHandler
                0x080020d0                I2C1_ER_IRQHandler
                0x080020d0                EXTI2_TSC_IRQHandler
                0x080020d0                TIM1_BRK_TIM15_IRQHandler
 *fill*         0x080020d2        0x2 
 .text.lsm6ds0_read_byte
                0x080020d4       0x28 CMakeFiles/i2c_comm.elf.dir/accelerometer/lsm6ds0.c.obj
                0x080020d4                lsm6ds0_read_byte
 .text.lsm6ds0_write_byte
                0x080020fc       0x18 CMakeFiles/i2c_comm.elf.dir/accelerometer/lsm6ds0.c.obj
                0x080020fc                lsm6ds0_write_byte
 .text.lsm6ds0_readArray
                0x08002114       0x20 CMakeFiles/i2c_comm.elf.dir/accelerometer/lsm6ds0.c.obj
                0x08002114                lsm6ds0_readArray
 .text.lsm6ds0_get_acc
                0x08002134       0x7c CMakeFiles/i2c_comm.elf.dir/accelerometer/lsm6ds0.c.obj
                0x08002134                lsm6ds0_get_acc
 .text.lsm6ds0_init
                0x080021b0       0x48 CMakeFiles/i2c_comm.elf.dir/accelerometer/lsm6ds0.c.obj
                0x080021b0                lsm6ds0_init
 .text.__errno  0x080021f8        0xc c:/progra~2/gnuarm~1/102021~1.10/bin/../lib/gcc/arm-none-eabi/10.3.1/../../../../arm-none-eabi/lib/thumb/v7e-m/nofp\libg.a(lib_a-errno.o)
                0x080021f8                __errno
 .text.__libc_init_array
                0x08002204       0x48 c:/progra~2/gnuarm~1/102021~1.10/bin/../lib/gcc/arm-none-eabi/10.3.1/../../../../arm-none-eabi/lib/thumb/v7e-m/nofp\libg.a(lib_a-init.o)
                0x08002204                __libc_init_array
 .text.memset   0x0800224c       0xa4 c:/progra~2/gnuarm~1/102021~1.10/bin/../lib/gcc/arm-none-eabi/10.3.1/../../../../arm-none-eabi/lib/thumb/v7e-m/nofp\libg.a(lib_a-memset.o)
                0x0800224c                memset
 .text.sprintf  0x080022f0       0x40 c:/progra~2/gnuarm~1/102021~1.10/bin/../lib/gcc/arm-none-eabi/10.3.1/../../../../arm-none-eabi/lib/thumb/v7e-m/nofp\libg.a(lib_a-sprintf.o)
                0x080022f0                sprintf
 .text._svfprintf_r
                0x08002330     0x1a3c c:/progra~2/gnuarm~1/102021~1.10/bin/../lib/gcc/arm-none-eabi/10.3.1/../../../../arm-none-eabi/lib/thumb/v7e-m/nofp\libg.a(lib_a-svfprintf.o)
                0x08002330                _svfprintf_r
 .text.startup.register_fini
                0x08003d6c       0x14 c:/progra~2/gnuarm~1/102021~1.10/bin/../lib/gcc/arm-none-eabi/10.3.1/../../../../arm-none-eabi/lib/thumb/v7e-m/nofp\libg.a(lib_a-__call_atexit.o)
 .text.atexit   0x08003d80        0xc c:/progra~2/gnuarm~1/102021~1.10/bin/../lib/gcc/arm-none-eabi/10.3.1/../../../../arm-none-eabi/lib/thumb/v7e-m/nofp\libg.a(lib_a-atexit.o)
                0x08003d80                atexit
 .text.quorem   0x08003d8c      0x124 c:/progra~2/gnuarm~1/102021~1.10/bin/../lib/gcc/arm-none-eabi/10.3.1/../../../../arm-none-eabi/lib/thumb/v7e-m/nofp\libg.a(lib_a-dtoa.o)
 .text._dtoa_r  0x08003eb0      0xec4 c:/progra~2/gnuarm~1/102021~1.10/bin/../lib/gcc/arm-none-eabi/10.3.1/../../../../arm-none-eabi/lib/thumb/v7e-m/nofp\libg.a(lib_a-dtoa.o)
                0x08003eb0                _dtoa_r
 .text.__libc_fini_array
                0x08004d74       0x2c c:/progra~2/gnuarm~1/102021~1.10/bin/../lib/gcc/arm-none-eabi/10.3.1/../../../../arm-none-eabi/lib/thumb/v7e-m/nofp\libg.a(lib_a-fini.o)
                0x08004d74                __libc_fini_array
 .text._malloc_trim_r
                0x08004da0       0xa0 c:/progra~2/gnuarm~1/102021~1.10/bin/../lib/gcc/arm-none-eabi/10.3.1/../../../../arm-none-eabi/lib/thumb/v7e-m/nofp\libg.a(lib_a-freer.o)
                0x08004da0                _malloc_trim_r
 .text._free_r  0x08004e40      0x20c c:/progra~2/gnuarm~1/102021~1.10/bin/../lib/gcc/arm-none-eabi/10.3.1/../../../../arm-none-eabi/lib/thumb/v7e-m/nofp\libg.a(lib_a-freer.o)
                0x08004e40                _free_r
 .text._localeconv_r
                0x0800504c        0x8 c:/progra~2/gnuarm~1/102021~1.10/bin/../lib/gcc/arm-none-eabi/10.3.1/../../../../arm-none-eabi/lib/thumb/v7e-m/nofp\libg.a(lib_a-localeconv.o)
                0x0800504c                _localeconv_r
 .text.__retarget_lock_init_recursive
                0x08005054        0x4 c:/progra~2/gnuarm~1/102021~1.10/bin/../lib/gcc/arm-none-eabi/10.3.1/../../../../arm-none-eabi/lib/thumb/v7e-m/nofp\libg.a(lib_a-lock.o)
                0x08005054                __retarget_lock_init_recursive
 .text.__retarget_lock_close_recursive
                0x08005058        0x4 c:/progra~2/gnuarm~1/102021~1.10/bin/../lib/gcc/arm-none-eabi/10.3.1/../../../../arm-none-eabi/lib/thumb/v7e-m/nofp\libg.a(lib_a-lock.o)
                0x08005058                __retarget_lock_close_recursive
 .text.__retarget_lock_acquire_recursive
                0x0800505c        0x4 c:/progra~2/gnuarm~1/102021~1.10/bin/../lib/gcc/arm-none-eabi/10.3.1/../../../../arm-none-eabi/lib/thumb/v7e-m/nofp\libg.a(lib_a-lock.o)
                0x0800505c                __retarget_lock_acquire_recursive
 .text.__retarget_lock_release_recursive
                0x08005060        0x4 c:/progra~2/gnuarm~1/102021~1.10/bin/../lib/gcc/arm-none-eabi/10.3.1/../../../../arm-none-eabi/lib/thumb/v7e-m/nofp\libg.a(lib_a-lock.o)
                0x08005060                __retarget_lock_release_recursive
 .text._malloc_r
                0x08005064      0x560 c:/progra~2/gnuarm~1/102021~1.10/bin/../lib/gcc/arm-none-eabi/10.3.1/../../../../arm-none-eabi/lib/thumb/v7e-m/nofp\libg.a(lib_a-mallocr.o)
                0x08005064                _malloc_r
 .text.__malloc_lock
                0x080055c4        0xc c:/progra~2/gnuarm~1/102021~1.10/bin/../lib/gcc/arm-none-eabi/10.3.1/../../../../arm-none-eabi/lib/thumb/v7e-m/nofp\libg.a(lib_a-mlock.o)
                0x080055c4                __malloc_lock
 .text.__malloc_unlock
                0x080055d0        0xc c:/progra~2/gnuarm~1/102021~1.10/bin/../lib/gcc/arm-none-eabi/10.3.1/../../../../arm-none-eabi/lib/thumb/v7e-m/nofp\libg.a(lib_a-mlock.o)
                0x080055d0                __malloc_unlock
 .text._Balloc  0x080055dc       0x4c c:/progra~2/gnuarm~1/102021~1.10/bin/../lib/gcc/arm-none-eabi/10.3.1/../../../../arm-none-eabi/lib/thumb/v7e-m/nofp\libg.a(lib_a-mprec.o)
                0x080055dc                _Balloc
 .text._Bfree   0x08005628       0x14 c:/progra~2/gnuarm~1/102021~1.10/bin/../lib/gcc/arm-none-eabi/10.3.1/../../../../arm-none-eabi/lib/thumb/v7e-m/nofp\libg.a(lib_a-mprec.o)
                0x08005628                _Bfree
 .text.__multadd
                0x0800563c       0xa0 c:/progra~2/gnuarm~1/102021~1.10/bin/../lib/gcc/arm-none-eabi/10.3.1/../../../../arm-none-eabi/lib/thumb/v7e-m/nofp\libg.a(lib_a-mprec.o)
                0x0800563c                __multadd
 .text.__hi0bits
                0x080056dc       0x40 c:/progra~2/gnuarm~1/102021~1.10/bin/../lib/gcc/arm-none-eabi/10.3.1/../../../../arm-none-eabi/lib/thumb/v7e-m/nofp\libg.a(lib_a-mprec.o)
                0x080056dc                __hi0bits
 .text.__lo0bits
                0x0800571c       0x5c c:/progra~2/gnuarm~1/102021~1.10/bin/../lib/gcc/arm-none-eabi/10.3.1/../../../../arm-none-eabi/lib/thumb/v7e-m/nofp\libg.a(lib_a-mprec.o)
                0x0800571c                __lo0bits
 .text.__i2b    0x08005778       0x5c c:/progra~2/gnuarm~1/102021~1.10/bin/../lib/gcc/arm-none-eabi/10.3.1/../../../../arm-none-eabi/lib/thumb/v7e-m/nofp\libg.a(lib_a-mprec.o)
                0x08005778                __i2b
 .text.__multiply
                0x080057d4      0x15c c:/progra~2/gnuarm~1/102021~1.10/bin/../lib/gcc/arm-none-eabi/10.3.1/../../../../arm-none-eabi/lib/thumb/v7e-m/nofp\libg.a(lib_a-mprec.o)
                0x080057d4                __multiply
 .text.__pow5mult
                0x08005930       0xc0 c:/progra~2/gnuarm~1/102021~1.10/bin/../lib/gcc/arm-none-eabi/10.3.1/../../../../arm-none-eabi/lib/thumb/v7e-m/nofp\libg.a(lib_a-mprec.o)
                0x08005930                __pow5mult
 .text.__lshift
                0x080059f0       0xf0 c:/progra~2/gnuarm~1/102021~1.10/bin/../lib/gcc/arm-none-eabi/10.3.1/../../../../arm-none-eabi/lib/thumb/v7e-m/nofp\libg.a(lib_a-mprec.o)
                0x080059f0                __lshift
 .text.__mcmp   0x08005ae0       0x40 c:/progra~2/gnuarm~1/102021~1.10/bin/../lib/gcc/arm-none-eabi/10.3.1/../../../../arm-none-eabi/lib/thumb/v7e-m/nofp\libg.a(lib_a-mprec.o)
                0x08005ae0                __mcmp
 .text.__mdiff  0x08005b20      0x14c c:/progra~2/gnuarm~1/102021~1.10/bin/../lib/gcc/arm-none-eabi/10.3.1/../../../../arm-none-eabi/lib/thumb/v7e-m/nofp\libg.a(lib_a-mprec.o)
                0x08005b20                __mdiff
 .text.__d2b    0x08005c6c       0xc4 c:/progra~2/gnuarm~1/102021~1.10/bin/../lib/gcc/arm-none-eabi/10.3.1/../../../../arm-none-eabi/lib/thumb/v7e-m/nofp\libg.a(lib_a-mprec.o)
                0x08005c6c                __d2b
 .text.frexp    0x08005d30       0x70 c:/progra~2/gnuarm~1/102021~1.10/bin/../lib/gcc/arm-none-eabi/10.3.1/../../../../arm-none-eabi/lib/thumb/v7e-m/nofp\libg.a(lib_a-s_frexp.o)
                0x08005d30                frexp
 .text._sbrk_r  0x08005da0       0x24 c:/progra~2/gnuarm~1/102021~1.10/bin/../lib/gcc/arm-none-eabi/10.3.1/../../../../arm-none-eabi/lib/thumb/v7e-m/nofp\libg.a(lib_a-sbrkr.o)
                0x08005da0                _sbrk_r
 .text.strncpy  0x08005dc4       0x64 c:/progra~2/gnuarm~1/102021~1.10/bin/../lib/gcc/arm-none-eabi/10.3.1/../../../../arm-none-eabi/lib/thumb/v7e-m/nofp\libg.a(lib_a-strncpy.o)
                0x08005dc4                strncpy
 .text.__ssprint_r
                0x08005e28       0xf8 c:/progra~2/gnuarm~1/102021~1.10/bin/../lib/gcc/arm-none-eabi/10.3.1/../../../../arm-none-eabi/lib/thumb/v7e-m/nofp\libg.a(lib_a-svfiprintf.o)
                0x08005e28                __ssprint_r
 .text.__register_exitproc
                0x08005f20       0x8c c:/progra~2/gnuarm~1/102021~1.10/bin/../lib/gcc/arm-none-eabi/10.3.1/../../../../arm-none-eabi/lib/thumb/v7e-m/nofp\libg.a(lib_a-__atexit.o)
                0x08005f20                __register_exitproc
 .text.__assert_func
                0x08005fac       0x40 c:/progra~2/gnuarm~1/102021~1.10/bin/../lib/gcc/arm-none-eabi/10.3.1/../../../../arm-none-eabi/lib/thumb/v7e-m/nofp\libg.a(lib_a-assert.o)
                0x08005fac                __assert_func
 .text._calloc_r
                0x08005fec       0x78 c:/progra~2/gnuarm~1/102021~1.10/bin/../lib/gcc/arm-none-eabi/10.3.1/../../../../arm-none-eabi/lib/thumb/v7e-m/nofp\libg.a(lib_a-callocr.o)
                0x08005fec                _calloc_r
 .text.fiprintf
                0x08006064       0x28 c:/progra~2/gnuarm~1/102021~1.10/bin/../lib/gcc/arm-none-eabi/10.3.1/../../../../arm-none-eabi/lib/thumb/v7e-m/nofp\libg.a(lib_a-fiprintf.o)
                0x08006064                fiprintf
 .text.__locale_mb_cur_max
                0x0800608c        0xc c:/progra~2/gnuarm~1/102021~1.10/bin/../lib/gcc/arm-none-eabi/10.3.1/../../../../arm-none-eabi/lib/thumb/v7e-m/nofp\libg.a(lib_a-locale.o)
                0x0800608c                __locale_mb_cur_max
 .text.__ascii_mbtowc
                0x08006098       0x2c c:/progra~2/gnuarm~1/102021~1.10/bin/../lib/gcc/arm-none-eabi/10.3.1/../../../../arm-none-eabi/lib/thumb/v7e-m/nofp\libg.a(lib_a-mbtowc_r.o)
                0x08006098                __ascii_mbtowc
 .text.memmove  0x080060c4       0xf8 c:/progra~2/gnuarm~1/102021~1.10/bin/../lib/gcc/arm-none-eabi/10.3.1/../../../../arm-none-eabi/lib/thumb/v7e-m/nofp\libg.a(lib_a-memmove.o)
                0x080060c4                memmove
 .text._realloc_r
                0x080061bc      0x3d8 c:/progra~2/gnuarm~1/102021~1.10/bin/../lib/gcc/arm-none-eabi/10.3.1/../../../../arm-none-eabi/lib/thumb/v7e-m/nofp\libg.a(lib_a-reallocr.o)
                0x080061bc                _realloc_r
 .text.__sprint_r.part.0
                0x08006594       0x78 c:/progra~2/gnuarm~1/102021~1.10/bin/../lib/gcc/arm-none-eabi/10.3.1/../../../../arm-none-eabi/lib/thumb/v7e-m/nofp\libg.a(lib_a-vfiprintf.o)
 .text._vfiprintf_r
                0x0800660c      0xda0 c:/progra~2/gnuarm~1/102021~1.10/bin/../lib/gcc/arm-none-eabi/10.3.1/../../../../arm-none-eabi/lib/thumb/v7e-m/nofp\libg.a(lib_a-vfiprintf.o)
                0x0800660c                _vfiprintf_r
 .text.__sbprintf
                0x080073ac       0x80 c:/progra~2/gnuarm~1/102021~1.10/bin/../lib/gcc/arm-none-eabi/10.3.1/../../../../arm-none-eabi/lib/thumb/v7e-m/nofp\libg.a(lib_a-vfiprintf.o)
 .text.__ascii_wctomb
                0x0800742c       0x1c c:/progra~2/gnuarm~1/102021~1.10/bin/../lib/gcc/arm-none-eabi/10.3.1/../../../../arm-none-eabi/lib/thumb/v7e-m/nofp\libg.a(lib_a-wctomb_r.o)
                0x0800742c                __ascii_wctomb
 .text.__swsetup_r
                0x08007448       0xd4 c:/progra~2/gnuarm~1/102021~1.10/bin/../lib/gcc/arm-none-eabi/10.3.1/../../../../arm-none-eabi/lib/thumb/v7e-m/nofp\libg.a(lib_a-wsetup.o)
                0x08007448                __swsetup_r
 .text.abort    0x0800751c       0x10 c:/progra~2/gnuarm~1/102021~1.10/bin/../lib/gcc/arm-none-eabi/10.3.1/../../../../arm-none-eabi/lib/thumb/v7e-m/nofp\libg.a(lib_a-abort.o)
                0x0800751c                abort
 .text.__sflush_r
                0x0800752c      0x120 c:/progra~2/gnuarm~1/102021~1.10/bin/../lib/gcc/arm-none-eabi/10.3.1/../../../../arm-none-eabi/lib/thumb/v7e-m/nofp\libg.a(lib_a-fflush.o)
                0x0800752c                __sflush_r
 .text._fflush_r
                0x0800764c       0x5c c:/progra~2/gnuarm~1/102021~1.10/bin/../lib/gcc/arm-none-eabi/10.3.1/../../../../arm-none-eabi/lib/thumb/v7e-m/nofp\libg.a(lib_a-fflush.o)
                0x0800764c                _fflush_r
 .text._cleanup_r
                0x080076a8        0xc c:/progra~2/gnuarm~1/102021~1.10/bin/../lib/gcc/arm-none-eabi/10.3.1/../../../../arm-none-eabi/lib/thumb/v7e-m/nofp\libg.a(lib_a-findfp.o)
                0x080076a8                _cleanup_r
 .text.__sinit  0x080076b4      0x10c c:/progra~2/gnuarm~1/102021~1.10/bin/../lib/gcc/arm-none-eabi/10.3.1/../../../../arm-none-eabi/lib/thumb/v7e-m/nofp\libg.a(lib_a-findfp.o)
                0x080076b4                __sinit
 .text.__sfp_lock_acquire
                0x080077c0        0xc c:/progra~2/gnuarm~1/102021~1.10/bin/../lib/gcc/arm-none-eabi/10.3.1/../../../../arm-none-eabi/lib/thumb/v7e-m/nofp\libg.a(lib_a-findfp.o)
                0x080077c0                __sfp_lock_acquire
 .text.__sfp_lock_release
                0x080077cc        0xc c:/progra~2/gnuarm~1/102021~1.10/bin/../lib/gcc/arm-none-eabi/10.3.1/../../../../arm-none-eabi/lib/thumb/v7e-m/nofp\libg.a(lib_a-findfp.o)
                0x080077cc                __sfp_lock_release
 .text.__fputwc
                0x080077d8       0xa8 c:/progra~2/gnuarm~1/102021~1.10/bin/../lib/gcc/arm-none-eabi/10.3.1/../../../../arm-none-eabi/lib/thumb/v7e-m/nofp\libg.a(lib_a-fputwc.o)
                0x080077d8                __fputwc
 .text._fputwc_r
                0x08007880       0x68 c:/progra~2/gnuarm~1/102021~1.10/bin/../lib/gcc/arm-none-eabi/10.3.1/../../../../arm-none-eabi/lib/thumb/v7e-m/nofp\libg.a(lib_a-fputwc.o)
                0x08007880                _fputwc_r
 .text.__sfvwrite_r
                0x080078e8      0x2e8 c:/progra~2/gnuarm~1/102021~1.10/bin/../lib/gcc/arm-none-eabi/10.3.1/../../../../arm-none-eabi/lib/thumb/v7e-m/nofp\libg.a(lib_a-fvwrite.o)
                0x080078e8                __sfvwrite_r
 .text._fwalk_reent
                0x08007bd0       0x48 c:/progra~2/gnuarm~1/102021~1.10/bin/../lib/gcc/arm-none-eabi/10.3.1/../../../../arm-none-eabi/lib/thumb/v7e-m/nofp\libg.a(lib_a-fwalk.o)
                0x08007bd0                _fwalk_reent
 .text.__smakebuf_r
                0x08007c18       0xe0 c:/progra~2/gnuarm~1/102021~1.10/bin/../lib/gcc/arm-none-eabi/10.3.1/../../../../arm-none-eabi/lib/thumb/v7e-m/nofp\libg.a(lib_a-makebuf.o)
                0x08007c18                __smakebuf_r
 .text.raise    0x08007cf8       0x5c c:/progra~2/gnuarm~1/102021~1.10/bin/../lib/gcc/arm-none-eabi/10.3.1/../../../../arm-none-eabi/lib/thumb/v7e-m/nofp\libg.a(lib_a-signal.o)
                0x08007cf8                raise
 .text._kill_r  0x08007d54       0x2c c:/progra~2/gnuarm~1/102021~1.10/bin/../lib/gcc/arm-none-eabi/10.3.1/../../../../arm-none-eabi/lib/thumb/v7e-m/nofp\libg.a(lib_a-signalr.o)
                0x08007d54                _kill_r
 .text._getpid_r
                0x08007d80        0x4 c:/progra~2/gnuarm~1/102021~1.10/bin/../lib/gcc/arm-none-eabi/10.3.1/../../../../arm-none-eabi/lib/thumb/v7e-m/nofp\libg.a(lib_a-signalr.o)
                0x08007d80                _getpid_r
 .text.__sread  0x08007d84       0x24 c:/progra~2/gnuarm~1/102021~1.10/bin/../lib/gcc/arm-none-eabi/10.3.1/../../../../arm-none-eabi/lib/thumb/v7e-m/nofp\libg.a(lib_a-stdio.o)
                0x08007d84                __sread
 .text.__swrite
                0x08007da8       0x40 c:/progra~2/gnuarm~1/102021~1.10/bin/../lib/gcc/arm-none-eabi/10.3.1/../../../../arm-none-eabi/lib/thumb/v7e-m/nofp\libg.a(lib_a-stdio.o)
                0x08007da8                __swrite
 .text.__sseek  0x08007de8       0x20 c:/progra~2/gnuarm~1/102021~1.10/bin/../lib/gcc/arm-none-eabi/10.3.1/../../../../arm-none-eabi/lib/thumb/v7e-m/nofp\libg.a(lib_a-stdio.o)
                0x08007de8                __sseek
 .text.__sclose
                0x08007e08        0x8 c:/progra~2/gnuarm~1/102021~1.10/bin/../lib/gcc/arm-none-eabi/10.3.1/../../../../arm-none-eabi/lib/thumb/v7e-m/nofp\libg.a(lib_a-stdio.o)
                0x08007e08                __sclose
 .text.__swbuf_r
                0x08007e10       0xb0 c:/progra~2/gnuarm~1/102021~1.10/bin/../lib/gcc/arm-none-eabi/10.3.1/../../../../arm-none-eabi/lib/thumb/v7e-m/nofp\libg.a(lib_a-wbuf.o)
                0x08007e10                __swbuf_r
 .text._wcrtomb_r
                0x08007ec0       0x3c c:/progra~2/gnuarm~1/102021~1.10/bin/../lib/gcc/arm-none-eabi/10.3.1/../../../../arm-none-eabi/lib/thumb/v7e-m/nofp\libg.a(lib_a-wcrtomb.o)
                0x08007ec0                _wcrtomb_r
 .text._write_r
                0x08007efc       0x2c c:/progra~2/gnuarm~1/102021~1.10/bin/../lib/gcc/arm-none-eabi/10.3.1/../../../../arm-none-eabi/lib/thumb/v7e-m/nofp\libg.a(lib_a-writer.o)
                0x08007efc                _write_r
 .text._close_r
                0x08007f28       0x24 c:/progra~2/gnuarm~1/102021~1.10/bin/../lib/gcc/arm-none-eabi/10.3.1/../../../../arm-none-eabi/lib/thumb/v7e-m/nofp\libg.a(lib_a-closer.o)
                0x08007f28                _close_r
 .text._fclose_r
                0x08007f4c       0xcc c:/progra~2/gnuarm~1/102021~1.10/bin/../lib/gcc/arm-none-eabi/10.3.1/../../../../arm-none-eabi/lib/thumb/v7e-m/nofp\libg.a(lib_a-fclose.o)
                0x08007f4c                _fclose_r
 .text._fstat_r
                0x08008018       0x2c c:/progra~2/gnuarm~1/102021~1.10/bin/../lib/gcc/arm-none-eabi/10.3.1/../../../../arm-none-eabi/lib/thumb/v7e-m/nofp\libg.a(lib_a-fstatr.o)
                0x08008018                _fstat_r
 .text._isatty_r
                0x08008044       0x24 c:/progra~2/gnuarm~1/102021~1.10/bin/../lib/gcc/arm-none-eabi/10.3.1/../../../../arm-none-eabi/lib/thumb/v7e-m/nofp\libg.a(lib_a-isattyr.o)
                0x08008044                _isatty_r
 .text._lseek_r
                0x08008068       0x2c c:/progra~2/gnuarm~1/102021~1.10/bin/../lib/gcc/arm-none-eabi/10.3.1/../../../../arm-none-eabi/lib/thumb/v7e-m/nofp\libg.a(lib_a-lseekr.o)
                0x08008068                _lseek_r
 .text._read_r  0x08008094       0x2c c:/progra~2/gnuarm~1/102021~1.10/bin/../lib/gcc/arm-none-eabi/10.3.1/../../../../arm-none-eabi/lib/thumb/v7e-m/nofp\libg.a(lib_a-readr.o)
                0x08008094                _read_r
 *(.glue_7)
 .glue_7        0x080080c0        0x0 linker stubs
 *(.glue_7t)
 .glue_7t       0x080080c0        0x0 linker stubs
 *(.eh_frame)
 .eh_frame      0x080080c0        0x0 c:/progra~2/gnuarm~1/102021~1.10/bin/../lib/gcc/arm-none-eabi/10.3.1/thumb/v7e-m/nofp/crtbegin.o
 *(.init)
 .init          0x080080c0        0x4 c:/progra~2/gnuarm~1/102021~1.10/bin/../lib/gcc/arm-none-eabi/10.3.1/thumb/v7e-m/nofp/crti.o
                0x080080c0                _init
 .init          0x080080c4        0x8 c:/progra~2/gnuarm~1/102021~1.10/bin/../lib/gcc/arm-none-eabi/10.3.1/thumb/v7e-m/nofp/crtn.o
 *(.fini)
 .fini          0x080080cc        0x4 c:/progra~2/gnuarm~1/102021~1.10/bin/../lib/gcc/arm-none-eabi/10.3.1/thumb/v7e-m/nofp/crti.o
                0x080080cc                _fini
 .fini          0x080080d0        0x8 c:/progra~2/gnuarm~1/102021~1.10/bin/../lib/gcc/arm-none-eabi/10.3.1/thumb/v7e-m/nofp/crtn.o
                0x080080d8                . = ALIGN (0x4)
                0x080080d8                _etext = .

.vfp11_veneer   0x080080d8        0x0
 .vfp11_veneer  0x080080d8        0x0 linker stubs

.v4_bx          0x080080d8        0x0
 .v4_bx         0x080080d8        0x0 linker stubs

.iplt           0x080080d8        0x0
 .iplt          0x080080d8        0x0 c:/progra~2/gnuarm~1/102021~1.10/bin/../lib/gcc/arm-none-eabi/10.3.1/thumb/v7e-m/nofp/crtbegin.o

.rodata         0x080080d8      0x428
                0x080080d8                . = ALIGN (0x4)
 *(.rodata)
 *(.rodata*)
 .rodata.main.str1.4
                0x080080d8       0x13 CMakeFiles/i2c_comm.elf.dir/Src/main.c.obj
 *fill*         0x080080eb        0x1 
 .rodata.AHBPrescTable
                0x080080ec       0x10 CMakeFiles/i2c_comm.elf.dir/Src/system_stm32f3xx.c.obj
                0x080080ec                AHBPrescTable
 .rodata.APBPrescTable
                0x080080fc        0x8 CMakeFiles/i2c_comm.elf.dir/Src/system_stm32f3xx.c.obj
                0x080080fc                APBPrescTable
 .rodata._global_impure_ptr
                0x08008104        0x4 c:/progra~2/gnuarm~1/102021~1.10/bin/../lib/gcc/arm-none-eabi/10.3.1/../../../../arm-none-eabi/lib/thumb/v7e-m/nofp\libg.a(lib_a-impure.o)
                0x08008104                _global_impure_ptr
 .rodata._svfprintf_r.str1.4
                0x08008108       0x42 c:/progra~2/gnuarm~1/102021~1.10/bin/../lib/gcc/arm-none-eabi/10.3.1/../../../../arm-none-eabi/lib/thumb/v7e-m/nofp\libg.a(lib_a-svfprintf.o)
 *fill*         0x0800814a        0x2 
 .rodata.blanks.1
                0x0800814c       0x10 c:/progra~2/gnuarm~1/102021~1.10/bin/../lib/gcc/arm-none-eabi/10.3.1/../../../../arm-none-eabi/lib/thumb/v7e-m/nofp\libg.a(lib_a-svfprintf.o)
 .rodata.zeroes.0
                0x0800815c       0x10 c:/progra~2/gnuarm~1/102021~1.10/bin/../lib/gcc/arm-none-eabi/10.3.1/../../../../arm-none-eabi/lib/thumb/v7e-m/nofp\libg.a(lib_a-svfprintf.o)
 .rodata._dtoa_r.str1.4
                0x0800816c       0xa2 c:/progra~2/gnuarm~1/102021~1.10/bin/../lib/gcc/arm-none-eabi/10.3.1/../../../../arm-none-eabi/lib/thumb/v7e-m/nofp\libg.a(lib_a-dtoa.o)
                                 0xa6 (size before relaxing)
 *fill*         0x0800820e        0x2 
 .rodata.__multadd.str1.4
                0x08008210       0x7f c:/progra~2/gnuarm~1/102021~1.10/bin/../lib/gcc/arm-none-eabi/10.3.1/../../../../arm-none-eabi/lib/thumb/v7e-m/nofp\libg.a(lib_a-mprec.o)
                                 0x93 (size before relaxing)
 *fill*         0x0800828f        0x1 
 .rodata.__mprec_bigtens
                0x08008290       0x28 c:/progra~2/gnuarm~1/102021~1.10/bin/../lib/gcc/arm-none-eabi/10.3.1/../../../../arm-none-eabi/lib/thumb/v7e-m/nofp\libg.a(lib_a-mprec.o)
                0x08008290                __mprec_bigtens
 .rodata.__mprec_tens
                0x080082b8       0xc8 c:/progra~2/gnuarm~1/102021~1.10/bin/../lib/gcc/arm-none-eabi/10.3.1/../../../../arm-none-eabi/lib/thumb/v7e-m/nofp\libg.a(lib_a-mprec.o)
                0x080082b8                __mprec_tens
 .rodata.p05.0  0x08008380        0xc c:/progra~2/gnuarm~1/102021~1.10/bin/../lib/gcc/arm-none-eabi/10.3.1/../../../../arm-none-eabi/lib/thumb/v7e-m/nofp\libg.a(lib_a-mprec.o)
 .rodata.__assert_func.str1.4
                0x0800838c       0x3f c:/progra~2/gnuarm~1/102021~1.10/bin/../lib/gcc/arm-none-eabi/10.3.1/../../../../arm-none-eabi/lib/thumb/v7e-m/nofp\libg.a(lib_a-assert.o)
                                 0x43 (size before relaxing)
 *fill*         0x080083cb        0x1 
 .rodata._setlocale_r.str1.4
                0x080083cc        0xa c:/progra~2/gnuarm~1/102021~1.10/bin/../lib/gcc/arm-none-eabi/10.3.1/../../../../arm-none-eabi/lib/thumb/v7e-m/nofp\libg.a(lib_a-locale.o)
                                  0xd (size before relaxing)
 *fill*         0x080083d6        0x2 
 .rodata.str1.4
                0x080083d8        0x2 c:/progra~2/gnuarm~1/102021~1.10/bin/../lib/gcc/arm-none-eabi/10.3.1/../../../../arm-none-eabi/lib/thumb/v7e-m/nofp\libg.a(lib_a-locale.o)
 .rodata._vfiprintf_r.str1.4
                0x080083da       0x2f c:/progra~2/gnuarm~1/102021~1.10/bin/../lib/gcc/arm-none-eabi/10.3.1/../../../../arm-none-eabi/lib/thumb/v7e-m/nofp\libg.a(lib_a-vfiprintf.o)
 *fill*         0x080083da        0x2 
 .rodata.blanks.1
                0x080083dc       0x10 c:/progra~2/gnuarm~1/102021~1.10/bin/../lib/gcc/arm-none-eabi/10.3.1/../../../../arm-none-eabi/lib/thumb/v7e-m/nofp\libg.a(lib_a-vfiprintf.o)
 .rodata.zeroes.0
                0x080083ec       0x10 c:/progra~2/gnuarm~1/102021~1.10/bin/../lib/gcc/arm-none-eabi/10.3.1/../../../../arm-none-eabi/lib/thumb/v7e-m/nofp\libg.a(lib_a-vfiprintf.o)
 .rodata._ctype_
                0x080083fc      0x101 c:/progra~2/gnuarm~1/102021~1.10/bin/../lib/gcc/arm-none-eabi/10.3.1/../../../../arm-none-eabi/lib/thumb/v7e-m/nofp\libg.a(lib_a-ctype_.o)
                0x080083fc                _ctype_
                0x08008500                . = ALIGN (0x4)
 *fill*         0x080084fd        0x3 

.ARM.extab      0x08008500        0x0
                0x08008500                . = ALIGN (0x4)
 *(.ARM.extab* .gnu.linkonce.armextab.*)
                0x08008500                . = ALIGN (0x4)

.ARM            0x08008500        0x8
                0x08008500                . = ALIGN (0x4)
                0x08008500                __exidx_start = .
 *(.ARM.exidx*)
 .ARM.exidx     0x08008500        0x8 c:/progra~2/gnuarm~1/102021~1.10/bin/../lib/gcc/arm-none-eabi/10.3.1/thumb/v7e-m/nofp\libgcc.a(_udivmoddi4.o)
                0x08008508                __exidx_end = .
                0x08008508                . = ALIGN (0x4)

.rel.dyn        0x08008508        0x0
 .rel.iplt      0x08008508        0x0 c:/progra~2/gnuarm~1/102021~1.10/bin/../lib/gcc/arm-none-eabi/10.3.1/thumb/v7e-m/nofp/crtbegin.o

.preinit_array  0x08008508        0x0
                0x08008508                . = ALIGN (0x4)
                0x08008508                PROVIDE (__preinit_array_start = .)
 *(.preinit_array*)
                0x08008508                PROVIDE (__preinit_array_end = .)
                0x08008508                . = ALIGN (0x4)

.init_array     0x08008508        0x8
                0x08008508                . = ALIGN (0x4)
                0x08008508                PROVIDE (__init_array_start = .)
 *(SORT_BY_NAME(.init_array.*))
 .init_array.00000
                0x08008508        0x4 c:/progra~2/gnuarm~1/102021~1.10/bin/../lib/gcc/arm-none-eabi/10.3.1/../../../../arm-none-eabi/lib/thumb/v7e-m/nofp\libg.a(lib_a-__call_atexit.o)
 *(.init_array*)
 .init_array    0x0800850c        0x4 c:/progra~2/gnuarm~1/102021~1.10/bin/../lib/gcc/arm-none-eabi/10.3.1/thumb/v7e-m/nofp/crtbegin.o
                0x08008510                PROVIDE (__init_array_end = .)
                0x08008510                . = ALIGN (0x4)

.fini_array     0x08008510        0x4
                0x08008510                . = ALIGN (0x4)
                0x08008510                PROVIDE (__fini_array_start = .)
 *(SORT_BY_NAME(.fini_array.*))
 *(.fini_array*)
 .fini_array    0x08008510        0x4 c:/progra~2/gnuarm~1/102021~1.10/bin/../lib/gcc/arm-none-eabi/10.3.1/thumb/v7e-m/nofp/crtbegin.o
                0x08008514                PROVIDE (__fini_array_end = .)
                0x08008514                . = ALIGN (0x4)
                0x08008514                _sidata = LOADADDR (.data)

.data           0x20000000      0x9b8 load address 0x08008514
                0x20000000                . = ALIGN (0x4)
                0x20000000                _sdata = .
 *(.data)
 *(.data*)
 .data.SystemCoreClock
                0x20000000        0x4 CMakeFiles/i2c_comm.elf.dir/Src/system_stm32f3xx.c.obj
                0x20000000                SystemCoreClock
 .data.addres   0x20000004        0x1 CMakeFiles/i2c_comm.elf.dir/accelerometer/lsm6ds0.c.obj
                0x20000004                addres
 *fill*         0x20000005        0x3 
 .data._impure_ptr
                0x20000008        0x4 c:/progra~2/gnuarm~1/102021~1.10/bin/../lib/gcc/arm-none-eabi/10.3.1/../../../../arm-none-eabi/lib/thumb/v7e-m/nofp\libg.a(lib_a-impure.o)
                0x20000008                _impure_ptr
 *fill*         0x2000000c        0x4 
 .data.impure_data
                0x20000010      0x428 c:/progra~2/gnuarm~1/102021~1.10/bin/../lib/gcc/arm-none-eabi/10.3.1/../../../../arm-none-eabi/lib/thumb/v7e-m/nofp\libg.a(lib_a-impure.o)
 .data.__atexit_recursive_mutex
                0x20000438        0x4 c:/progra~2/gnuarm~1/102021~1.10/bin/../lib/gcc/arm-none-eabi/10.3.1/../../../../arm-none-eabi/lib/thumb/v7e-m/nofp\libg.a(lib_a-__call_atexit.o)
                0x20000438                __atexit_recursive_mutex
 .data.__malloc_av_
                0x2000043c      0x408 c:/progra~2/gnuarm~1/102021~1.10/bin/../lib/gcc/arm-none-eabi/10.3.1/../../../../arm-none-eabi/lib/thumb/v7e-m/nofp\libg.a(lib_a-mallocr.o)
                0x2000043c                __malloc_av_
 .data.__malloc_sbrk_base
                0x20000844        0x4 c:/progra~2/gnuarm~1/102021~1.10/bin/../lib/gcc/arm-none-eabi/10.3.1/../../../../arm-none-eabi/lib/thumb/v7e-m/nofp\libg.a(lib_a-mallocr.o)
                0x20000844                __malloc_sbrk_base
 .data.__malloc_trim_threshold
                0x20000848        0x4 c:/progra~2/gnuarm~1/102021~1.10/bin/../lib/gcc/arm-none-eabi/10.3.1/../../../../arm-none-eabi/lib/thumb/v7e-m/nofp\libg.a(lib_a-mallocr.o)
                0x20000848                __malloc_trim_threshold
 .data.__global_locale
                0x2000084c      0x16c c:/progra~2/gnuarm~1/102021~1.10/bin/../lib/gcc/arm-none-eabi/10.3.1/../../../../arm-none-eabi/lib/thumb/v7e-m/nofp\libg.a(lib_a-locale.o)
                0x2000084c                __global_locale
                0x200009b8                . = ALIGN (0x4)
                0x200009b8                _edata = .

.igot.plt       0x200009b8        0x0 load address 0x08008ecc
 .igot.plt      0x200009b8        0x0 c:/progra~2/gnuarm~1/102021~1.10/bin/../lib/gcc/arm-none-eabi/10.3.1/thumb/v7e-m/nofp/crtbegin.o
                0x200009b8                . = ALIGN (0x4)

.bss            0x200009b8       0x9c load address 0x08008ecc
                0x200009b8                _sbss = .
                0x200009b8                __bss_start__ = _sbss
 *(.bss)
 .bss           0x200009b8       0x1c c:/progra~2/gnuarm~1/102021~1.10/bin/../lib/gcc/arm-none-eabi/10.3.1/thumb/v7e-m/nofp/crtbegin.o
 *(.bss*)
 .bss.aReceiveBuffer_read
                0x200009d4        0x4 CMakeFiles/i2c_comm.elf.dir/Src/i2c.c.obj
                0x200009d4                aReceiveBuffer_read
 .bss.end_of_read_flag
                0x200009d8        0x1 CMakeFiles/i2c_comm.elf.dir/Src/i2c.c.obj
                0x200009d8                end_of_read_flag
 .bss.ubReceiveIndex
                0x200009d9        0x1 CMakeFiles/i2c_comm.elf.dir/Src/i2c.c.obj
                0x200009d9                ubReceiveIndex
 *fill*         0x200009da        0x2 
 .bss.acc       0x200009dc        0xc CMakeFiles/i2c_comm.elf.dir/Src/main.c.obj
                0x200009dc                acc
 .bss.formated_text
                0x200009e8       0x1e CMakeFiles/i2c_comm.elf.dir/Src/main.c.obj
                0x200009e8                formated_text
 *fill*         0x20000a06        0x2 
 .bss.heap_end.0
                0x20000a08        0x4 CMakeFiles/i2c_comm.elf.dir/Src/sysmem.c.obj
 .bss.__lock___atexit_recursive_mutex
                0x20000a0c        0x1 c:/progra~2/gnuarm~1/102021~1.10/bin/../lib/gcc/arm-none-eabi/10.3.1/../../../../arm-none-eabi/lib/thumb/v7e-m/nofp\libg.a(lib_a-lock.o)
                0x20000a0c                __lock___atexit_recursive_mutex
 *fill*         0x20000a0d        0x3 
 .bss.__lock___malloc_recursive_mutex
                0x20000a10        0x1 c:/progra~2/gnuarm~1/102021~1.10/bin/../lib/gcc/arm-none-eabi/10.3.1/../../../../arm-none-eabi/lib/thumb/v7e-m/nofp\libg.a(lib_a-lock.o)
                0x20000a10                __lock___malloc_recursive_mutex
 *fill*         0x20000a11        0x3 
 .bss.__lock___sfp_recursive_mutex
                0x20000a14        0x1 c:/progra~2/gnuarm~1/102021~1.10/bin/../lib/gcc/arm-none-eabi/10.3.1/../../../../arm-none-eabi/lib/thumb/v7e-m/nofp\libg.a(lib_a-lock.o)
                0x20000a14                __lock___sfp_recursive_mutex
 *fill*         0x20000a15        0x3 
 .bss.__lock___sinit_recursive_mutex
                0x20000a18        0x1 c:/progra~2/gnuarm~1/102021~1.10/bin/../lib/gcc/arm-none-eabi/10.3.1/../../../../arm-none-eabi/lib/thumb/v7e-m/nofp\libg.a(lib_a-lock.o)
                0x20000a18                __lock___sinit_recursive_mutex
 *fill*         0x20000a19        0x3 
 .bss.__malloc_current_mallinfo
                0x20000a1c       0x28 c:/progra~2/gnuarm~1/102021~1.10/bin/../lib/gcc/arm-none-eabi/10.3.1/../../../../arm-none-eabi/lib/thumb/v7e-m/nofp\libg.a(lib_a-mallocr.o)
                0x20000a1c                __malloc_current_mallinfo
 .bss.__malloc_max_sbrked_mem
                0x20000a44        0x4 c:/progra~2/gnuarm~1/102021~1.10/bin/../lib/gcc/arm-none-eabi/10.3.1/../../../../arm-none-eabi/lib/thumb/v7e-m/nofp\libg.a(lib_a-mallocr.o)
                0x20000a44                __malloc_max_sbrked_mem
 .bss.__malloc_max_total_mem
                0x20000a48        0x4 c:/progra~2/gnuarm~1/102021~1.10/bin/../lib/gcc/arm-none-eabi/10.3.1/../../../../arm-none-eabi/lib/thumb/v7e-m/nofp\libg.a(lib_a-mallocr.o)
                0x20000a48                __malloc_max_total_mem
 .bss.__malloc_top_pad
                0x20000a4c        0x4 c:/progra~2/gnuarm~1/102021~1.10/bin/../lib/gcc/arm-none-eabi/10.3.1/../../../../arm-none-eabi/lib/thumb/v7e-m/nofp\libg.a(lib_a-mallocr.o)
                0x20000a4c                __malloc_top_pad
 .bss.errno     0x20000a50        0x4 c:/progra~2/gnuarm~1/102021~1.10/bin/../lib/gcc/arm-none-eabi/10.3.1/../../../../arm-none-eabi/lib/thumb/v7e-m/nofp\libg.a(lib_a-reent.o)
                0x20000a50                errno
 *(COMMON)
                0x20000a54                . = ALIGN (0x4)
                0x20000a54                _ebss = .
                0x20000a54                __bss_end__ = _ebss

._user_heap_stack
                0x20000a54      0x604 load address 0x08008ecc
                0x20000a58                . = ALIGN (0x8)
 *fill*         0x20000a54        0x4 
                0x20000a58                PROVIDE (end = .)
                [!provide]                PROVIDE (_end = .)
                0x20000c58                . = (. + _Min_Heap_Size)
 *fill*         0x20000a58      0x200 
                0x20001058                . = (. + _Min_Stack_Size)
 *fill*         0x20000c58      0x400 
                0x20001058                . = ALIGN (0x8)

/DISCARD/
 libc.a(*)
 libm.a(*)
 libgcc.a(*)

.ARM.attributes
                0x00000000       0x2a
 *(.ARM.attributes)
 .ARM.attributes
                0x00000000       0x1e c:/progra~2/gnuarm~1/102021~1.10/bin/../lib/gcc/arm-none-eabi/10.3.1/thumb/v7e-m/nofp/crti.o
 .ARM.attributes
                0x0000001e       0x2e c:/progra~2/gnuarm~1/102021~1.10/bin/../lib/gcc/arm-none-eabi/10.3.1/thumb/v7e-m/nofp/crtbegin.o
 .ARM.attributes
                0x0000004c       0x2e CMakeFiles/i2c_comm.elf.dir/Drivers/STM32F3xx_HAL_Driver/Src/stm32f3xx_ll_gpio.c.obj
 .ARM.attributes
                0x0000007a       0x2e CMakeFiles/i2c_comm.elf.dir/Drivers/STM32F3xx_HAL_Driver/Src/stm32f3xx_ll_i2c.c.obj
 .ARM.attributes
                0x000000a8       0x2e CMakeFiles/i2c_comm.elf.dir/Drivers/STM32F3xx_HAL_Driver/Src/stm32f3xx_ll_rcc.c.obj
 .ARM.attributes
                0x000000d6       0x2e CMakeFiles/i2c_comm.elf.dir/Drivers/STM32F3xx_HAL_Driver/Src/stm32f3xx_ll_usart.c.obj
 .ARM.attributes
                0x00000104       0x2e CMakeFiles/i2c_comm.elf.dir/Drivers/STM32F3xx_HAL_Driver/Src/stm32f3xx_ll_utils.c.obj
 .ARM.attributes
                0x00000132       0x2e CMakeFiles/i2c_comm.elf.dir/Src/dma.c.obj
 .ARM.attributes
                0x00000160       0x2e CMakeFiles/i2c_comm.elf.dir/Src/gpio.c.obj
 .ARM.attributes
                0x0000018e       0x2e CMakeFiles/i2c_comm.elf.dir/Src/i2c.c.obj
 .ARM.attributes
                0x000001bc       0x2e CMakeFiles/i2c_comm.elf.dir/Src/main.c.obj
 .ARM.attributes
                0x000001ea       0x2e CMakeFiles/i2c_comm.elf.dir/Src/stm32f3xx_it.c.obj
 .ARM.attributes
                0x00000218       0x2e CMakeFiles/i2c_comm.elf.dir/Src/syscalls.c.obj
 .ARM.attributes
                0x00000246       0x2e CMakeFiles/i2c_comm.elf.dir/Src/sysmem.c.obj
 .ARM.attributes
                0x00000274       0x2e CMakeFiles/i2c_comm.elf.dir/Src/system_stm32f3xx.c.obj
 .ARM.attributes
                0x000002a2       0x2e CMakeFiles/i2c_comm.elf.dir/Src/usart.c.obj
 .ARM.attributes
                0x000002d0       0x21 CMakeFiles/i2c_comm.elf.dir/Startup/startup_stm32f303k8tx.s.obj
 .ARM.attributes
                0x000002f1       0x2e CMakeFiles/i2c_comm.elf.dir/accelerometer/lsm6ds0.c.obj
 .ARM.attributes
                0x0000031f       0x1e c:/progra~2/gnuarm~1/102021~1.10/bin/../lib/gcc/arm-none-eabi/10.3.1/thumb/v7e-m/nofp\libgcc.a(_arm_addsubdf3.o)
 .ARM.attributes
                0x0000033d       0x1e c:/progra~2/gnuarm~1/102021~1.10/bin/../lib/gcc/arm-none-eabi/10.3.1/thumb/v7e-m/nofp\libgcc.a(_arm_addsubsf3.o)
 .ARM.attributes
                0x0000035b       0x1e c:/progra~2/gnuarm~1/102021~1.10/bin/../lib/gcc/arm-none-eabi/10.3.1/thumb/v7e-m/nofp\libgcc.a(_arm_muldivsf3.o)
 .ARM.attributes
                0x00000379       0x2e c:/progra~2/gnuarm~1/102021~1.10/bin/../lib/gcc/arm-none-eabi/10.3.1/../../../../arm-none-eabi/lib/thumb/v7e-m/nofp\libg.a(lib_a-errno.o)
 .ARM.attributes
                0x000003a7       0x2e c:/progra~2/gnuarm~1/102021~1.10/bin/../lib/gcc/arm-none-eabi/10.3.1/../../../../arm-none-eabi/lib/thumb/v7e-m/nofp\libg.a(lib_a-impure.o)
 .ARM.attributes
                0x000003d5       0x2e c:/progra~2/gnuarm~1/102021~1.10/bin/../lib/gcc/arm-none-eabi/10.3.1/../../../../arm-none-eabi/lib/thumb/v7e-m/nofp\libg.a(lib_a-init.o)
 .ARM.attributes
                0x00000403       0x2e c:/progra~2/gnuarm~1/102021~1.10/bin/../lib/gcc/arm-none-eabi/10.3.1/../../../../arm-none-eabi/lib/thumb/v7e-m/nofp\libg.a(lib_a-memset.o)
 .ARM.attributes
                0x00000431       0x2e c:/progra~2/gnuarm~1/102021~1.10/bin/../lib/gcc/arm-none-eabi/10.3.1/../../../../arm-none-eabi/lib/thumb/v7e-m/nofp\libg.a(lib_a-sprintf.o)
 .ARM.attributes
                0x0000045f       0x1c c:/progra~2/gnuarm~1/102021~1.10/bin/../lib/gcc/arm-none-eabi/10.3.1/../../../../arm-none-eabi/lib/thumb/v7e-m/nofp\libg.a(lib_a-strlen.o)
 .ARM.attributes
                0x0000047b       0x2e c:/progra~2/gnuarm~1/102021~1.10/bin/../lib/gcc/arm-none-eabi/10.3.1/../../../../arm-none-eabi/lib/thumb/v7e-m/nofp\libg.a(lib_a-svfprintf.o)
 .ARM.attributes
                0x000004a9       0x2e c:/progra~2/gnuarm~1/102021~1.10/bin/../lib/gcc/arm-none-eabi/10.3.1/../../../../arm-none-eabi/lib/thumb/v7e-m/nofp\libg.a(lib_a-__call_atexit.o)
 .ARM.attributes
                0x000004d7       0x2e c:/progra~2/gnuarm~1/102021~1.10/bin/../lib/gcc/arm-none-eabi/10.3.1/../../../../arm-none-eabi/lib/thumb/v7e-m/nofp\libg.a(lib_a-atexit.o)
 .ARM.attributes
                0x00000505       0x2e c:/progra~2/gnuarm~1/102021~1.10/bin/../lib/gcc/arm-none-eabi/10.3.1/../../../../arm-none-eabi/lib/thumb/v7e-m/nofp\libg.a(lib_a-dtoa.o)
 .ARM.attributes
                0x00000533       0x2e c:/progra~2/gnuarm~1/102021~1.10/bin/../lib/gcc/arm-none-eabi/10.3.1/../../../../arm-none-eabi/lib/thumb/v7e-m/nofp\libg.a(lib_a-fini.o)
 .ARM.attributes
                0x00000561       0x2e c:/progra~2/gnuarm~1/102021~1.10/bin/../lib/gcc/arm-none-eabi/10.3.1/../../../../arm-none-eabi/lib/thumb/v7e-m/nofp\libg.a(lib_a-freer.o)
 .ARM.attributes
                0x0000058f       0x2e c:/progra~2/gnuarm~1/102021~1.10/bin/../lib/gcc/arm-none-eabi/10.3.1/../../../../arm-none-eabi/lib/thumb/v7e-m/nofp\libg.a(lib_a-localeconv.o)
 .ARM.attributes
                0x000005bd       0x2e c:/progra~2/gnuarm~1/102021~1.10/bin/../lib/gcc/arm-none-eabi/10.3.1/../../../../arm-none-eabi/lib/thumb/v7e-m/nofp\libg.a(lib_a-lock.o)
 .ARM.attributes
                0x000005eb       0x2e c:/progra~2/gnuarm~1/102021~1.10/bin/../lib/gcc/arm-none-eabi/10.3.1/../../../../arm-none-eabi/lib/thumb/v7e-m/nofp\libg.a(lib_a-mallocr.o)
 .ARM.attributes
                0x00000619       0x1c c:/progra~2/gnuarm~1/102021~1.10/bin/../lib/gcc/arm-none-eabi/10.3.1/../../../../arm-none-eabi/lib/thumb/v7e-m/nofp\libg.a(lib_a-memchr.o)
 .ARM.attributes
                0x00000635       0x1c c:/progra~2/gnuarm~1/102021~1.10/bin/../lib/gcc/arm-none-eabi/10.3.1/../../../../arm-none-eabi/lib/thumb/v7e-m/nofp\libg.a(lib_a-memcpy.o)
 .ARM.attributes
                0x00000651       0x2e c:/progra~2/gnuarm~1/102021~1.10/bin/../lib/gcc/arm-none-eabi/10.3.1/../../../../arm-none-eabi/lib/thumb/v7e-m/nofp\libg.a(lib_a-mlock.o)
 .ARM.attributes
                0x0000067f       0x2e c:/progra~2/gnuarm~1/102021~1.10/bin/../lib/gcc/arm-none-eabi/10.3.1/../../../../arm-none-eabi/lib/thumb/v7e-m/nofp\libg.a(lib_a-mprec.o)
 .ARM.attributes
                0x000006ad       0x2e c:/progra~2/gnuarm~1/102021~1.10/bin/../lib/gcc/arm-none-eabi/10.3.1/../../../../arm-none-eabi/lib/thumb/v7e-m/nofp\libg.a(lib_a-s_frexp.o)
 .ARM.attributes
                0x000006db       0x2e c:/progra~2/gnuarm~1/102021~1.10/bin/../lib/gcc/arm-none-eabi/10.3.1/../../../../arm-none-eabi/lib/thumb/v7e-m/nofp\libg.a(lib_a-sbrkr.o)
 .ARM.attributes
                0x00000709       0x2e c:/progra~2/gnuarm~1/102021~1.10/bin/../lib/gcc/arm-none-eabi/10.3.1/../../../../arm-none-eabi/lib/thumb/v7e-m/nofp\libg.a(lib_a-strncpy.o)
 .ARM.attributes
                0x00000737       0x2e c:/progra~2/gnuarm~1/102021~1.10/bin/../lib/gcc/arm-none-eabi/10.3.1/../../../../arm-none-eabi/lib/thumb/v7e-m/nofp\libg.a(lib_a-svfiprintf.o)
 .ARM.attributes
                0x00000765       0x2e c:/progra~2/gnuarm~1/102021~1.10/bin/../lib/gcc/arm-none-eabi/10.3.1/../../../../arm-none-eabi/lib/thumb/v7e-m/nofp\libg.a(lib_a-__atexit.o)
 .ARM.attributes
                0x00000793       0x2e c:/progra~2/gnuarm~1/102021~1.10/bin/../lib/gcc/arm-none-eabi/10.3.1/../../../../arm-none-eabi/lib/thumb/v7e-m/nofp\libg.a(lib_a-assert.o)
 .ARM.attributes
                0x000007c1       0x2e c:/progra~2/gnuarm~1/102021~1.10/bin/../lib/gcc/arm-none-eabi/10.3.1/../../../../arm-none-eabi/lib/thumb/v7e-m/nofp\libg.a(lib_a-callocr.o)
 .ARM.attributes
                0x000007ef       0x2e c:/progra~2/gnuarm~1/102021~1.10/bin/../lib/gcc/arm-none-eabi/10.3.1/../../../../arm-none-eabi/lib/thumb/v7e-m/nofp\libg.a(lib_a-fiprintf.o)
 .ARM.attributes
                0x0000081d       0x2e c:/progra~2/gnuarm~1/102021~1.10/bin/../lib/gcc/arm-none-eabi/10.3.1/../../../../arm-none-eabi/lib/thumb/v7e-m/nofp\libg.a(lib_a-locale.o)
 .ARM.attributes
                0x0000084b       0x2e c:/progra~2/gnuarm~1/102021~1.10/bin/../lib/gcc/arm-none-eabi/10.3.1/../../../../arm-none-eabi/lib/thumb/v7e-m/nofp\libg.a(lib_a-mbtowc_r.o)
 .ARM.attributes
                0x00000879       0x2e c:/progra~2/gnuarm~1/102021~1.10/bin/../lib/gcc/arm-none-eabi/10.3.1/../../../../arm-none-eabi/lib/thumb/v7e-m/nofp\libg.a(lib_a-memmove.o)
 .ARM.attributes
                0x000008a7       0x2e c:/progra~2/gnuarm~1/102021~1.10/bin/../lib/gcc/arm-none-eabi/10.3.1/../../../../arm-none-eabi/lib/thumb/v7e-m/nofp\libg.a(lib_a-reallocr.o)
 .ARM.attributes
                0x000008d5       0x2e c:/progra~2/gnuarm~1/102021~1.10/bin/../lib/gcc/arm-none-eabi/10.3.1/../../../../arm-none-eabi/lib/thumb/v7e-m/nofp\libg.a(lib_a-reent.o)
 .ARM.attributes
                0x00000903       0x2e c:/progra~2/gnuarm~1/102021~1.10/bin/../lib/gcc/arm-none-eabi/10.3.1/../../../../arm-none-eabi/lib/thumb/v7e-m/nofp\libg.a(lib_a-vfiprintf.o)
 .ARM.attributes
                0x00000931       0x2e c:/progra~2/gnuarm~1/102021~1.10/bin/../lib/gcc/arm-none-eabi/10.3.1/../../../../arm-none-eabi/lib/thumb/v7e-m/nofp\libg.a(lib_a-wctomb_r.o)
 .ARM.attributes
                0x0000095f       0x2e c:/progra~2/gnuarm~1/102021~1.10/bin/../lib/gcc/arm-none-eabi/10.3.1/../../../../arm-none-eabi/lib/thumb/v7e-m/nofp\libg.a(lib_a-wsetup.o)
 .ARM.attributes
                0x0000098d       0x2e c:/progra~2/gnuarm~1/102021~1.10/bin/../lib/gcc/arm-none-eabi/10.3.1/../../../../arm-none-eabi/lib/thumb/v7e-m/nofp\libg.a(lib_a-abort.o)
 .ARM.attributes
                0x000009bb       0x2e c:/progra~2/gnuarm~1/102021~1.10/bin/../lib/gcc/arm-none-eabi/10.3.1/../../../../arm-none-eabi/lib/thumb/v7e-m/nofp\libg.a(lib_a-ctype_.o)
 .ARM.attributes
                0x000009e9       0x2e c:/progra~2/gnuarm~1/102021~1.10/bin/../lib/gcc/arm-none-eabi/10.3.1/../../../../arm-none-eabi/lib/thumb/v7e-m/nofp\libg.a(lib_a-fflush.o)
 .ARM.attributes
                0x00000a17       0x2e c:/progra~2/gnuarm~1/102021~1.10/bin/../lib/gcc/arm-none-eabi/10.3.1/../../../../arm-none-eabi/lib/thumb/v7e-m/nofp\libg.a(lib_a-findfp.o)
 .ARM.attributes
                0x00000a45       0x2e c:/progra~2/gnuarm~1/102021~1.10/bin/../lib/gcc/arm-none-eabi/10.3.1/../../../../arm-none-eabi/lib/thumb/v7e-m/nofp\libg.a(lib_a-fputwc.o)
 .ARM.attributes
                0x00000a73       0x2e c:/progra~2/gnuarm~1/102021~1.10/bin/../lib/gcc/arm-none-eabi/10.3.1/../../../../arm-none-eabi/lib/thumb/v7e-m/nofp\libg.a(lib_a-fvwrite.o)
 .ARM.attributes
                0x00000aa1       0x2e c:/progra~2/gnuarm~1/102021~1.10/bin/../lib/gcc/arm-none-eabi/10.3.1/../../../../arm-none-eabi/lib/thumb/v7e-m/nofp\libg.a(lib_a-fwalk.o)
 .ARM.attributes
                0x00000acf       0x2e c:/progra~2/gnuarm~1/102021~1.10/bin/../lib/gcc/arm-none-eabi/10.3.1/../../../../arm-none-eabi/lib/thumb/v7e-m/nofp\libg.a(lib_a-makebuf.o)
 .ARM.attributes
                0x00000afd       0x2e c:/progra~2/gnuarm~1/102021~1.10/bin/../lib/gcc/arm-none-eabi/10.3.1/../../../../arm-none-eabi/lib/thumb/v7e-m/nofp\libg.a(lib_a-signal.o)
 .ARM.attributes
                0x00000b2b       0x2e c:/progra~2/gnuarm~1/102021~1.10/bin/../lib/gcc/arm-none-eabi/10.3.1/../../../../arm-none-eabi/lib/thumb/v7e-m/nofp\libg.a(lib_a-signalr.o)
 .ARM.attributes
                0x00000b59       0x2e c:/progra~2/gnuarm~1/102021~1.10/bin/../lib/gcc/arm-none-eabi/10.3.1/../../../../arm-none-eabi/lib/thumb/v7e-m/nofp\libg.a(lib_a-stdio.o)
 .ARM.attributes
                0x00000b87       0x2e c:/progra~2/gnuarm~1/102021~1.10/bin/../lib/gcc/arm-none-eabi/10.3.1/../../../../arm-none-eabi/lib/thumb/v7e-m/nofp\libg.a(lib_a-wbuf.o)
 .ARM.attributes
                0x00000bb5       0x2e c:/progra~2/gnuarm~1/102021~1.10/bin/../lib/gcc/arm-none-eabi/10.3.1/../../../../arm-none-eabi/lib/thumb/v7e-m/nofp\libg.a(lib_a-wcrtomb.o)
 .ARM.attributes
                0x00000be3       0x2e c:/progra~2/gnuarm~1/102021~1.10/bin/../lib/gcc/arm-none-eabi/10.3.1/../../../../arm-none-eabi/lib/thumb/v7e-m/nofp\libg.a(lib_a-writer.o)
 .ARM.attributes
                0x00000c11       0x2e c:/progra~2/gnuarm~1/102021~1.10/bin/../lib/gcc/arm-none-eabi/10.3.1/../../../../arm-none-eabi/lib/thumb/v7e-m/nofp\libg.a(lib_a-closer.o)
 .ARM.attributes
                0x00000c3f       0x2e c:/progra~2/gnuarm~1/102021~1.10/bin/../lib/gcc/arm-none-eabi/10.3.1/../../../../arm-none-eabi/lib/thumb/v7e-m/nofp\libg.a(lib_a-fclose.o)
 .ARM.attributes
                0x00000c6d       0x2e c:/progra~2/gnuarm~1/102021~1.10/bin/../lib/gcc/arm-none-eabi/10.3.1/../../../../arm-none-eabi/lib/thumb/v7e-m/nofp\libg.a(lib_a-fstatr.o)
 .ARM.attributes
                0x00000c9b       0x2e c:/progra~2/gnuarm~1/102021~1.10/bin/../lib/gcc/arm-none-eabi/10.3.1/../../../../arm-none-eabi/lib/thumb/v7e-m/nofp\libg.a(lib_a-isattyr.o)
 .ARM.attributes
                0x00000cc9       0x2e c:/progra~2/gnuarm~1/102021~1.10/bin/../lib/gcc/arm-none-eabi/10.3.1/../../../../arm-none-eabi/lib/thumb/v7e-m/nofp\libg.a(lib_a-lseekr.o)
 .ARM.attributes
                0x00000cf7       0x2e c:/progra~2/gnuarm~1/102021~1.10/bin/../lib/gcc/arm-none-eabi/10.3.1/../../../../arm-none-eabi/lib/thumb/v7e-m/nofp\libg.a(lib_a-readr.o)
 .ARM.attributes
                0x00000d25       0x1e c:/progra~2/gnuarm~1/102021~1.10/bin/../lib/gcc/arm-none-eabi/10.3.1/thumb/v7e-m/nofp\libgcc.a(_arm_muldivdf3.o)
 .ARM.attributes
                0x00000d43       0x1e c:/progra~2/gnuarm~1/102021~1.10/bin/../lib/gcc/arm-none-eabi/10.3.1/thumb/v7e-m/nofp\libgcc.a(_arm_cmpdf2.o)
 .ARM.attributes
                0x00000d61       0x1e c:/progra~2/gnuarm~1/102021~1.10/bin/../lib/gcc/arm-none-eabi/10.3.1/thumb/v7e-m/nofp\libgcc.a(_arm_unorddf2.o)
 .ARM.attributes
                0x00000d7f       0x1e c:/progra~2/gnuarm~1/102021~1.10/bin/../lib/gcc/arm-none-eabi/10.3.1/thumb/v7e-m/nofp\libgcc.a(_arm_fixdfsi.o)
 .ARM.attributes
                0x00000d9d       0x1e c:/progra~2/gnuarm~1/102021~1.10/bin/../lib/gcc/arm-none-eabi/10.3.1/thumb/v7e-m/nofp\libgcc.a(_aeabi_uldivmod.o)
 .ARM.attributes
                0x00000dbb       0x2e c:/progra~2/gnuarm~1/102021~1.10/bin/../lib/gcc/arm-none-eabi/10.3.1/thumb/v7e-m/nofp\libgcc.a(_udivmoddi4.o)
 .ARM.attributes
                0x00000de9       0x1e c:/progra~2/gnuarm~1/102021~1.10/bin/../lib/gcc/arm-none-eabi/10.3.1/thumb/v7e-m/nofp\libgcc.a(_dvmd_tls.o)
 .ARM.attributes
                0x00000e07       0x1e c:/progra~2/gnuarm~1/102021~1.10/bin/../lib/gcc/arm-none-eabi/10.3.1/thumb/v7e-m/nofp/crtn.o
OUTPUT(i2c_comm.elf elf32-littlearm)
LOAD linker stubs
LOAD c:/progra~2/gnuarm~1/102021~1.10/bin/../lib/gcc/arm-none-eabi/10.3.1/../../../../arm-none-eabi/lib/thumb/v7e-m/nofp\libc.a
LOAD c:/progra~2/gnuarm~1/102021~1.10/bin/../lib/gcc/arm-none-eabi/10.3.1/../../../../arm-none-eabi/lib/thumb/v7e-m/nofp\libm.a
LOAD c:/progra~2/gnuarm~1/102021~1.10/bin/../lib/gcc/arm-none-eabi/10.3.1/thumb/v7e-m/nofp\libgcc.a

.debug_info     0x00000000     0x7e45
 .debug_info    0x00000000      0xa73 CMakeFiles/i2c_comm.elf.dir/Drivers/STM32F3xx_HAL_Driver/Src/stm32f3xx_ll_gpio.c.obj
 .debug_info    0x00000a73      0x6d4 CMakeFiles/i2c_comm.elf.dir/Drivers/STM32F3xx_HAL_Driver/Src/stm32f3xx_ll_i2c.c.obj
 .debug_info    0x00001147      0x9a8 CMakeFiles/i2c_comm.elf.dir/Drivers/STM32F3xx_HAL_Driver/Src/stm32f3xx_ll_rcc.c.obj
 .debug_info    0x00001aef      0x8ab CMakeFiles/i2c_comm.elf.dir/Drivers/STM32F3xx_HAL_Driver/Src/stm32f3xx_ll_usart.c.obj
 .debug_info    0x0000239a      0xb1c CMakeFiles/i2c_comm.elf.dir/Drivers/STM32F3xx_HAL_Driver/Src/stm32f3xx_ll_utils.c.obj
 .debug_info    0x00002eb6      0x756 CMakeFiles/i2c_comm.elf.dir/Src/dma.c.obj
 .debug_info    0x0000360c      0x203 CMakeFiles/i2c_comm.elf.dir/Src/gpio.c.obj
 .debug_info    0x0000380f     0x12ec CMakeFiles/i2c_comm.elf.dir/Src/i2c.c.obj
 .debug_info    0x00004afb      0xaaf CMakeFiles/i2c_comm.elf.dir/Src/main.c.obj
 .debug_info    0x000055aa      0x444 CMakeFiles/i2c_comm.elf.dir/Src/stm32f3xx_it.c.obj
 .debug_info    0x000059ee      0x7bb CMakeFiles/i2c_comm.elf.dir/Src/syscalls.c.obj
 .debug_info    0x000061a9      0x112 CMakeFiles/i2c_comm.elf.dir/Src/sysmem.c.obj
 .debug_info    0x000062bb      0x41f CMakeFiles/i2c_comm.elf.dir/Src/system_stm32f3xx.c.obj
 .debug_info    0x000066da     0x12c1 CMakeFiles/i2c_comm.elf.dir/Src/usart.c.obj
 .debug_info    0x0000799b       0x22 CMakeFiles/i2c_comm.elf.dir/Startup/startup_stm32f303k8tx.s.obj
 .debug_info    0x000079bd      0x488 CMakeFiles/i2c_comm.elf.dir/accelerometer/lsm6ds0.c.obj

.debug_abbrev   0x00000000     0x1d79
 .debug_abbrev  0x00000000      0x23f CMakeFiles/i2c_comm.elf.dir/Drivers/STM32F3xx_HAL_Driver/Src/stm32f3xx_ll_gpio.c.obj
 .debug_abbrev  0x0000023f      0x1c2 CMakeFiles/i2c_comm.elf.dir/Drivers/STM32F3xx_HAL_Driver/Src/stm32f3xx_ll_i2c.c.obj
 .debug_abbrev  0x00000401      0x2aa CMakeFiles/i2c_comm.elf.dir/Drivers/STM32F3xx_HAL_Driver/Src/stm32f3xx_ll_rcc.c.obj
 .debug_abbrev  0x000006ab      0x2b8 CMakeFiles/i2c_comm.elf.dir/Drivers/STM32F3xx_HAL_Driver/Src/stm32f3xx_ll_usart.c.obj
 .debug_abbrev  0x00000963      0x2e1 CMakeFiles/i2c_comm.elf.dir/Drivers/STM32F3xx_HAL_Driver/Src/stm32f3xx_ll_utils.c.obj
 .debug_abbrev  0x00000c44      0x1aa CMakeFiles/i2c_comm.elf.dir/Src/dma.c.obj
 .debug_abbrev  0x00000dee      0x120 CMakeFiles/i2c_comm.elf.dir/Src/gpio.c.obj
 .debug_abbrev  0x00000f0e      0x2bd CMakeFiles/i2c_comm.elf.dir/Src/i2c.c.obj
 .debug_abbrev  0x000011cb      0x244 CMakeFiles/i2c_comm.elf.dir/Src/main.c.obj
 .debug_abbrev  0x0000140f      0x190 CMakeFiles/i2c_comm.elf.dir/Src/stm32f3xx_it.c.obj
 .debug_abbrev  0x0000159f      0x1b4 CMakeFiles/i2c_comm.elf.dir/Src/syscalls.c.obj
 .debug_abbrev  0x00001753       0xdd CMakeFiles/i2c_comm.elf.dir/Src/sysmem.c.obj
 .debug_abbrev  0x00001830      0x119 CMakeFiles/i2c_comm.elf.dir/Src/system_stm32f3xx.c.obj
 .debug_abbrev  0x00001949      0x277 CMakeFiles/i2c_comm.elf.dir/Src/usart.c.obj
 .debug_abbrev  0x00001bc0       0x12 CMakeFiles/i2c_comm.elf.dir/Startup/startup_stm32f303k8tx.s.obj
 .debug_abbrev  0x00001bd2      0x1a7 CMakeFiles/i2c_comm.elf.dir/accelerometer/lsm6ds0.c.obj

.debug_loc      0x00000000     0x2df0
 .debug_loc     0x00000000      0x637 CMakeFiles/i2c_comm.elf.dir/Drivers/STM32F3xx_HAL_Driver/Src/stm32f3xx_ll_gpio.c.obj
 .debug_loc     0x00000637      0x23a CMakeFiles/i2c_comm.elf.dir/Drivers/STM32F3xx_HAL_Driver/Src/stm32f3xx_ll_i2c.c.obj
 .debug_loc     0x00000871      0x561 CMakeFiles/i2c_comm.elf.dir/Drivers/STM32F3xx_HAL_Driver/Src/stm32f3xx_ll_rcc.c.obj
 .debug_loc     0x00000dd2      0x5bf CMakeFiles/i2c_comm.elf.dir/Drivers/STM32F3xx_HAL_Driver/Src/stm32f3xx_ll_usart.c.obj
 .debug_loc     0x00001391      0x5f1 CMakeFiles/i2c_comm.elf.dir/Drivers/STM32F3xx_HAL_Driver/Src/stm32f3xx_ll_utils.c.obj
 .debug_loc     0x00001982       0x9a CMakeFiles/i2c_comm.elf.dir/Src/dma.c.obj
 .debug_loc     0x00001a1c       0x18 CMakeFiles/i2c_comm.elf.dir/Src/gpio.c.obj
 .debug_loc     0x00001a34      0x5be CMakeFiles/i2c_comm.elf.dir/Src/i2c.c.obj
 .debug_loc     0x00001ff2      0x125 CMakeFiles/i2c_comm.elf.dir/Src/main.c.obj
 .debug_loc     0x00002117       0x7e CMakeFiles/i2c_comm.elf.dir/Src/stm32f3xx_it.c.obj
 .debug_loc     0x00002195      0x3c5 CMakeFiles/i2c_comm.elf.dir/Src/syscalls.c.obj
 .debug_loc     0x0000255a       0x71 CMakeFiles/i2c_comm.elf.dir/Src/sysmem.c.obj
 .debug_loc     0x000025cb      0x123 CMakeFiles/i2c_comm.elf.dir/Src/system_stm32f3xx.c.obj
 .debug_loc     0x000026ee      0x485 CMakeFiles/i2c_comm.elf.dir/Src/usart.c.obj
 .debug_loc     0x00002b73      0x27d CMakeFiles/i2c_comm.elf.dir/accelerometer/lsm6ds0.c.obj

.debug_aranges  0x00000000      0x410
 .debug_aranges
                0x00000000       0x30 CMakeFiles/i2c_comm.elf.dir/Drivers/STM32F3xx_HAL_Driver/Src/stm32f3xx_ll_gpio.c.obj
 .debug_aranges
                0x00000030       0x30 CMakeFiles/i2c_comm.elf.dir/Drivers/STM32F3xx_HAL_Driver/Src/stm32f3xx_ll_i2c.c.obj
 .debug_aranges
                0x00000060       0x70 CMakeFiles/i2c_comm.elf.dir/Drivers/STM32F3xx_HAL_Driver/Src/stm32f3xx_ll_rcc.c.obj
 .debug_aranges
                0x000000d0       0x40 CMakeFiles/i2c_comm.elf.dir/Drivers/STM32F3xx_HAL_Driver/Src/stm32f3xx_ll_usart.c.obj
 .debug_aranges
                0x00000110       0x60 CMakeFiles/i2c_comm.elf.dir/Drivers/STM32F3xx_HAL_Driver/Src/stm32f3xx_ll_utils.c.obj
 .debug_aranges
                0x00000170       0x20 CMakeFiles/i2c_comm.elf.dir/Src/dma.c.obj
 .debug_aranges
                0x00000190       0x20 CMakeFiles/i2c_comm.elf.dir/Src/gpio.c.obj
 .debug_aranges
                0x000001b0       0x38 CMakeFiles/i2c_comm.elf.dir/Src/i2c.c.obj
 .debug_aranges
                0x000001e8       0x30 CMakeFiles/i2c_comm.elf.dir/Src/main.c.obj
 .debug_aranges
                0x00000218       0x68 CMakeFiles/i2c_comm.elf.dir/Src/stm32f3xx_it.c.obj
 .debug_aranges
                0x00000280       0xa8 CMakeFiles/i2c_comm.elf.dir/Src/syscalls.c.obj
 .debug_aranges
                0x00000328       0x20 CMakeFiles/i2c_comm.elf.dir/Src/sysmem.c.obj
 .debug_aranges
                0x00000348       0x28 CMakeFiles/i2c_comm.elf.dir/Src/system_stm32f3xx.c.obj
 .debug_aranges
                0x00000370       0x30 CMakeFiles/i2c_comm.elf.dir/Src/usart.c.obj
 .debug_aranges
                0x000003a0       0x28 CMakeFiles/i2c_comm.elf.dir/Startup/startup_stm32f303k8tx.s.obj
 .debug_aranges
                0x000003c8       0x48 CMakeFiles/i2c_comm.elf.dir/accelerometer/lsm6ds0.c.obj

.debug_ranges   0x00000000      0x420
 .debug_ranges  0x00000000       0x98 CMakeFiles/i2c_comm.elf.dir/Drivers/STM32F3xx_HAL_Driver/Src/stm32f3xx_ll_gpio.c.obj
 .debug_ranges  0x00000098       0x38 CMakeFiles/i2c_comm.elf.dir/Drivers/STM32F3xx_HAL_Driver/Src/stm32f3xx_ll_i2c.c.obj
 .debug_ranges  0x000000d0       0x60 CMakeFiles/i2c_comm.elf.dir/Drivers/STM32F3xx_HAL_Driver/Src/stm32f3xx_ll_rcc.c.obj
 .debug_ranges  0x00000130       0xa8 CMakeFiles/i2c_comm.elf.dir/Drivers/STM32F3xx_HAL_Driver/Src/stm32f3xx_ll_usart.c.obj
 .debug_ranges  0x000001d8       0x50 CMakeFiles/i2c_comm.elf.dir/Drivers/STM32F3xx_HAL_Driver/Src/stm32f3xx_ll_utils.c.obj
 .debug_ranges  0x00000228       0x10 CMakeFiles/i2c_comm.elf.dir/Src/dma.c.obj
 .debug_ranges  0x00000238       0x10 CMakeFiles/i2c_comm.elf.dir/Src/gpio.c.obj
 .debug_ranges  0x00000248       0x28 CMakeFiles/i2c_comm.elf.dir/Src/i2c.c.obj
 .debug_ranges  0x00000270       0x20 CMakeFiles/i2c_comm.elf.dir/Src/main.c.obj
 .debug_ranges  0x00000290       0x58 CMakeFiles/i2c_comm.elf.dir/Src/stm32f3xx_it.c.obj
 .debug_ranges  0x000002e8       0x98 CMakeFiles/i2c_comm.elf.dir/Src/syscalls.c.obj
 .debug_ranges  0x00000380       0x10 CMakeFiles/i2c_comm.elf.dir/Src/sysmem.c.obj
 .debug_ranges  0x00000390       0x18 CMakeFiles/i2c_comm.elf.dir/Src/system_stm32f3xx.c.obj
 .debug_ranges  0x000003a8       0x20 CMakeFiles/i2c_comm.elf.dir/Src/usart.c.obj
 .debug_ranges  0x000003c8       0x20 CMakeFiles/i2c_comm.elf.dir/Startup/startup_stm32f303k8tx.s.obj
 .debug_ranges  0x000003e8       0x38 CMakeFiles/i2c_comm.elf.dir/accelerometer/lsm6ds0.c.obj

.debug_line     0x00000000     0x4b27
 .debug_line    0x00000000      0x700 CMakeFiles/i2c_comm.elf.dir/Drivers/STM32F3xx_HAL_Driver/Src/stm32f3xx_ll_gpio.c.obj
 .debug_line    0x00000700      0x40c CMakeFiles/i2c_comm.elf.dir/Drivers/STM32F3xx_HAL_Driver/Src/stm32f3xx_ll_i2c.c.obj
 .debug_line    0x00000b0c      0x7e6 CMakeFiles/i2c_comm.elf.dir/Drivers/STM32F3xx_HAL_Driver/Src/stm32f3xx_ll_rcc.c.obj
 .debug_line    0x000012f2      0x5e5 CMakeFiles/i2c_comm.elf.dir/Drivers/STM32F3xx_HAL_Driver/Src/stm32f3xx_ll_usart.c.obj
 .debug_line    0x000018d7      0x832 CMakeFiles/i2c_comm.elf.dir/Drivers/STM32F3xx_HAL_Driver/Src/stm32f3xx_ll_utils.c.obj
 .debug_line    0x00002109      0x353 CMakeFiles/i2c_comm.elf.dir/Src/dma.c.obj
 .debug_line    0x0000245c      0x277 CMakeFiles/i2c_comm.elf.dir/Src/gpio.c.obj
 .debug_line    0x000026d3      0x753 CMakeFiles/i2c_comm.elf.dir/Src/i2c.c.obj
 .debug_line    0x00002e26      0x69f CMakeFiles/i2c_comm.elf.dir/Src/main.c.obj
 .debug_line    0x000034c5      0x3e4 CMakeFiles/i2c_comm.elf.dir/Src/stm32f3xx_it.c.obj
 .debug_line    0x000038a9      0x419 CMakeFiles/i2c_comm.elf.dir/Src/syscalls.c.obj
 .debug_line    0x00003cc2      0x12d CMakeFiles/i2c_comm.elf.dir/Src/sysmem.c.obj
 .debug_line    0x00003def      0x345 CMakeFiles/i2c_comm.elf.dir/Src/system_stm32f3xx.c.obj
 .debug_line    0x00004134      0x58c CMakeFiles/i2c_comm.elf.dir/Src/usart.c.obj
 .debug_line    0x000046c0       0xcf CMakeFiles/i2c_comm.elf.dir/Startup/startup_stm32f303k8tx.s.obj
 .debug_line    0x0000478f      0x398 CMakeFiles/i2c_comm.elf.dir/accelerometer/lsm6ds0.c.obj

.debug_str      0x00000000     0x2387
 .debug_str     0x00000000      0x3f2 CMakeFiles/i2c_comm.elf.dir/Drivers/STM32F3xx_HAL_Driver/Src/stm32f3xx_ll_gpio.c.obj
                                0x450 (size before relaxing)
 .debug_str     0x000003f2      0x23c CMakeFiles/i2c_comm.elf.dir/Drivers/STM32F3xx_HAL_Driver/Src/stm32f3xx_ll_i2c.c.obj
                                0x48b (size before relaxing)
 .debug_str     0x0000062e      0x46f CMakeFiles/i2c_comm.elf.dir/Drivers/STM32F3xx_HAL_Driver/Src/stm32f3xx_ll_rcc.c.obj
                                0x6d0 (size before relaxing)
 .debug_str     0x00000a9d      0x2a5 CMakeFiles/i2c_comm.elf.dir/Drivers/STM32F3xx_HAL_Driver/Src/stm32f3xx_ll_usart.c.obj
                                0x5dd (size before relaxing)
 .debug_str     0x00000d42      0x382 CMakeFiles/i2c_comm.elf.dir/Drivers/STM32F3xx_HAL_Driver/Src/stm32f3xx_ll_utils.c.obj
                                0x6bf (size before relaxing)
 .debug_str     0x000010c4      0x468 CMakeFiles/i2c_comm.elf.dir/Src/dma.c.obj
                                0x6ac (size before relaxing)
 .debug_str     0x0000152c       0x69 CMakeFiles/i2c_comm.elf.dir/Src/gpio.c.obj
                                0x2c9 (size before relaxing)
 .debug_str     0x00001595      0x321 CMakeFiles/i2c_comm.elf.dir/Src/i2c.c.obj
                                0xae1 (size before relaxing)
 .debug_str     0x000018b6      0x195 CMakeFiles/i2c_comm.elf.dir/Src/main.c.obj
                                0x626 (size before relaxing)
 .debug_str     0x00001a4b      0x1a9 CMakeFiles/i2c_comm.elf.dir/Src/stm32f3xx_it.c.obj
                                0x3dd (size before relaxing)
 .debug_str     0x00001bf4      0x264 CMakeFiles/i2c_comm.elf.dir/Src/syscalls.c.obj
                                0x48c (size before relaxing)
 .debug_str     0x00001e58       0x7f CMakeFiles/i2c_comm.elf.dir/Src/sysmem.c.obj
                                0x257 (size before relaxing)
 .debug_str     0x00001ed7       0x9e CMakeFiles/i2c_comm.elf.dir/Src/system_stm32f3xx.c.obj
                                0x357 (size before relaxing)
 .debug_str     0x00001f75      0x2a9 CMakeFiles/i2c_comm.elf.dir/Src/usart.c.obj
                                0xafa (size before relaxing)
 .debug_str     0x0000221e       0x7f CMakeFiles/i2c_comm.elf.dir/Startup/startup_stm32f303k8tx.s.obj
                                 0xe2 (size before relaxing)
 .debug_str     0x0000229d       0xea CMakeFiles/i2c_comm.elf.dir/accelerometer/lsm6ds0.c.obj
                                0x353 (size before relaxing)

.comment        0x00000000       0x49
 .comment       0x00000000       0x49 CMakeFiles/i2c_comm.elf.dir/Drivers/STM32F3xx_HAL_Driver/Src/stm32f3xx_ll_gpio.c.obj
                                 0x4a (size before relaxing)
 .comment       0x00000049       0x4a CMakeFiles/i2c_comm.elf.dir/Drivers/STM32F3xx_HAL_Driver/Src/stm32f3xx_ll_i2c.c.obj
 .comment       0x00000049       0x4a CMakeFiles/i2c_comm.elf.dir/Drivers/STM32F3xx_HAL_Driver/Src/stm32f3xx_ll_rcc.c.obj
 .comment       0x00000049       0x4a CMakeFiles/i2c_comm.elf.dir/Drivers/STM32F3xx_HAL_Driver/Src/stm32f3xx_ll_usart.c.obj
 .comment       0x00000049       0x4a CMakeFiles/i2c_comm.elf.dir/Drivers/STM32F3xx_HAL_Driver/Src/stm32f3xx_ll_utils.c.obj
 .comment       0x00000049       0x4a CMakeFiles/i2c_comm.elf.dir/Src/dma.c.obj
 .comment       0x00000049       0x4a CMakeFiles/i2c_comm.elf.dir/Src/gpio.c.obj
 .comment       0x00000049       0x4a CMakeFiles/i2c_comm.elf.dir/Src/i2c.c.obj
 .comment       0x00000049       0x4a CMakeFiles/i2c_comm.elf.dir/Src/main.c.obj
 .comment       0x00000049       0x4a CMakeFiles/i2c_comm.elf.dir/Src/stm32f3xx_it.c.obj
 .comment       0x00000049       0x4a CMakeFiles/i2c_comm.elf.dir/Src/syscalls.c.obj
 .comment       0x00000049       0x4a CMakeFiles/i2c_comm.elf.dir/Src/sysmem.c.obj
 .comment       0x00000049       0x4a CMakeFiles/i2c_comm.elf.dir/Src/system_stm32f3xx.c.obj
 .comment       0x00000049       0x4a CMakeFiles/i2c_comm.elf.dir/Src/usart.c.obj
 .comment       0x00000049       0x4a CMakeFiles/i2c_comm.elf.dir/accelerometer/lsm6ds0.c.obj

.debug_frame    0x00000000     0x1dcc
 .debug_frame   0x00000000       0x4c CMakeFiles/i2c_comm.elf.dir/Drivers/STM32F3xx_HAL_Driver/Src/stm32f3xx_ll_gpio.c.obj
 .debug_frame   0x0000004c       0x4c CMakeFiles/i2c_comm.elf.dir/Drivers/STM32F3xx_HAL_Driver/Src/stm32f3xx_ll_i2c.c.obj
 .debug_frame   0x00000098       0xfc CMakeFiles/i2c_comm.elf.dir/Drivers/STM32F3xx_HAL_Driver/Src/stm32f3xx_ll_rcc.c.obj
 .debug_frame   0x00000194       0x90 CMakeFiles/i2c_comm.elf.dir/Drivers/STM32F3xx_HAL_Driver/Src/stm32f3xx_ll_usart.c.obj
 .debug_frame   0x00000224       0xd4 CMakeFiles/i2c_comm.elf.dir/Drivers/STM32F3xx_HAL_Driver/Src/stm32f3xx_ll_utils.c.obj
 .debug_frame   0x000002f8       0x28 CMakeFiles/i2c_comm.elf.dir/Src/dma.c.obj
 .debug_frame   0x00000320       0x28 CMakeFiles/i2c_comm.elf.dir/Src/gpio.c.obj
 .debug_frame   0x00000348       0x80 CMakeFiles/i2c_comm.elf.dir/Src/i2c.c.obj
 .debug_frame   0x000003c8       0x54 CMakeFiles/i2c_comm.elf.dir/Src/main.c.obj
 .debug_frame   0x0000041c       0xb0 CMakeFiles/i2c_comm.elf.dir/Src/stm32f3xx_it.c.obj
 .debug_frame   0x000004cc      0x190 CMakeFiles/i2c_comm.elf.dir/Src/syscalls.c.obj
 .debug_frame   0x0000065c       0x28 CMakeFiles/i2c_comm.elf.dir/Src/sysmem.c.obj
 .debug_frame   0x00000684       0x30 CMakeFiles/i2c_comm.elf.dir/Src/system_stm32f3xx.c.obj
 .debug_frame   0x000006b4       0x50 CMakeFiles/i2c_comm.elf.dir/Src/usart.c.obj
 .debug_frame   0x00000704       0xbc CMakeFiles/i2c_comm.elf.dir/accelerometer/lsm6ds0.c.obj
 .debug_frame   0x000007c0       0xac c:/progra~2/gnuarm~1/102021~1.10/bin/../lib/gcc/arm-none-eabi/10.3.1/thumb/v7e-m/nofp\libgcc.a(_arm_addsubdf3.o)
 .debug_frame   0x0000086c       0x4c c:/progra~2/gnuarm~1/102021~1.10/bin/../lib/gcc/arm-none-eabi/10.3.1/thumb/v7e-m/nofp\libgcc.a(_arm_addsubsf3.o)
 .debug_frame   0x000008b8       0x38 c:/progra~2/gnuarm~1/102021~1.10/bin/../lib/gcc/arm-none-eabi/10.3.1/thumb/v7e-m/nofp\libgcc.a(_arm_muldivsf3.o)
 .debug_frame   0x000008f0       0x20 c:/progra~2/gnuarm~1/102021~1.10/bin/../lib/gcc/arm-none-eabi/10.3.1/../../../../arm-none-eabi/lib/thumb/v7e-m/nofp\libg.a(lib_a-errno.o)
 .debug_frame   0x00000910       0x2c c:/progra~2/gnuarm~1/102021~1.10/bin/../lib/gcc/arm-none-eabi/10.3.1/../../../../arm-none-eabi/lib/thumb/v7e-m/nofp\libg.a(lib_a-init.o)
 .debug_frame   0x0000093c       0x2c c:/progra~2/gnuarm~1/102021~1.10/bin/../lib/gcc/arm-none-eabi/10.3.1/../../../../arm-none-eabi/lib/thumb/v7e-m/nofp\libg.a(lib_a-memset.o)
 .debug_frame   0x00000968       0x74 c:/progra~2/gnuarm~1/102021~1.10/bin/../lib/gcc/arm-none-eabi/10.3.1/../../../../arm-none-eabi/lib/thumb/v7e-m/nofp\libg.a(lib_a-sprintf.o)
 .debug_frame   0x000009dc       0x44 c:/progra~2/gnuarm~1/102021~1.10/bin/../lib/gcc/arm-none-eabi/10.3.1/../../../../arm-none-eabi/lib/thumb/v7e-m/nofp\libg.a(lib_a-svfprintf.o)
 .debug_frame   0x00000a20       0x5c c:/progra~2/gnuarm~1/102021~1.10/bin/../lib/gcc/arm-none-eabi/10.3.1/../../../../arm-none-eabi/lib/thumb/v7e-m/nofp\libg.a(lib_a-__call_atexit.o)
 .debug_frame   0x00000a7c       0x20 c:/progra~2/gnuarm~1/102021~1.10/bin/../lib/gcc/arm-none-eabi/10.3.1/../../../../arm-none-eabi/lib/thumb/v7e-m/nofp\libg.a(lib_a-atexit.o)
 .debug_frame   0x00000a9c       0x8c c:/progra~2/gnuarm~1/102021~1.10/bin/../lib/gcc/arm-none-eabi/10.3.1/../../../../arm-none-eabi/lib/thumb/v7e-m/nofp\libg.a(lib_a-dtoa.o)
 .debug_frame   0x00000b28       0x34 c:/progra~2/gnuarm~1/102021~1.10/bin/../lib/gcc/arm-none-eabi/10.3.1/../../../../arm-none-eabi/lib/thumb/v7e-m/nofp\libg.a(lib_a-fini.o)
 .debug_frame   0x00000b5c       0x8c c:/progra~2/gnuarm~1/102021~1.10/bin/../lib/gcc/arm-none-eabi/10.3.1/../../../../arm-none-eabi/lib/thumb/v7e-m/nofp\libg.a(lib_a-freer.o)
 .debug_frame   0x00000be8       0x40 c:/progra~2/gnuarm~1/102021~1.10/bin/../lib/gcc/arm-none-eabi/10.3.1/../../../../arm-none-eabi/lib/thumb/v7e-m/nofp\libg.a(lib_a-localeconv.o)
 .debug_frame   0x00000c28       0xb0 c:/progra~2/gnuarm~1/102021~1.10/bin/../lib/gcc/arm-none-eabi/10.3.1/../../../../arm-none-eabi/lib/thumb/v7e-m/nofp\libg.a(lib_a-lock.o)
 .debug_frame   0x00000cd8       0x4c c:/progra~2/gnuarm~1/102021~1.10/bin/../lib/gcc/arm-none-eabi/10.3.1/../../../../arm-none-eabi/lib/thumb/v7e-m/nofp\libg.a(lib_a-mallocr.o)
 .debug_frame   0x00000d24       0x30 c:/progra~2/gnuarm~1/102021~1.10/bin/../lib/gcc/arm-none-eabi/10.3.1/../../../../arm-none-eabi/lib/thumb/v7e-m/nofp\libg.a(lib_a-mlock.o)
 .debug_frame   0x00000d54      0x264 c:/progra~2/gnuarm~1/102021~1.10/bin/../lib/gcc/arm-none-eabi/10.3.1/../../../../arm-none-eabi/lib/thumb/v7e-m/nofp\libg.a(lib_a-mprec.o)
 .debug_frame   0x00000fb8       0x30 c:/progra~2/gnuarm~1/102021~1.10/bin/../lib/gcc/arm-none-eabi/10.3.1/../../../../arm-none-eabi/lib/thumb/v7e-m/nofp\libg.a(lib_a-s_frexp.o)
 .debug_frame   0x00000fe8       0x2c c:/progra~2/gnuarm~1/102021~1.10/bin/../lib/gcc/arm-none-eabi/10.3.1/../../../../arm-none-eabi/lib/thumb/v7e-m/nofp\libg.a(lib_a-sbrkr.o)
 .debug_frame   0x00001014       0x2c c:/progra~2/gnuarm~1/102021~1.10/bin/../lib/gcc/arm-none-eabi/10.3.1/../../../../arm-none-eabi/lib/thumb/v7e-m/nofp\libg.a(lib_a-strncpy.o)
 .debug_frame   0x00001040       0x78 c:/progra~2/gnuarm~1/102021~1.10/bin/../lib/gcc/arm-none-eabi/10.3.1/../../../../arm-none-eabi/lib/thumb/v7e-m/nofp\libg.a(lib_a-svfiprintf.o)
 .debug_frame   0x000010b8       0x34 c:/progra~2/gnuarm~1/102021~1.10/bin/../lib/gcc/arm-none-eabi/10.3.1/../../../../arm-none-eabi/lib/thumb/v7e-m/nofp\libg.a(lib_a-__atexit.o)
 .debug_frame   0x000010ec       0x40 c:/progra~2/gnuarm~1/102021~1.10/bin/../lib/gcc/arm-none-eabi/10.3.1/../../../../arm-none-eabi/lib/thumb/v7e-m/nofp\libg.a(lib_a-assert.o)
 .debug_frame   0x0000112c       0x2c c:/progra~2/gnuarm~1/102021~1.10/bin/../lib/gcc/arm-none-eabi/10.3.1/../../../../arm-none-eabi/lib/thumb/v7e-m/nofp\libg.a(lib_a-callocr.o)
 .debug_frame   0x00001158       0x70 c:/progra~2/gnuarm~1/102021~1.10/bin/../lib/gcc/arm-none-eabi/10.3.1/../../../../arm-none-eabi/lib/thumb/v7e-m/nofp\libg.a(lib_a-fiprintf.o)
 .debug_frame   0x000011c8       0x68 c:/progra~2/gnuarm~1/102021~1.10/bin/../lib/gcc/arm-none-eabi/10.3.1/../../../../arm-none-eabi/lib/thumb/v7e-m/nofp\libg.a(lib_a-locale.o)
 .debug_frame   0x00001230       0x4c c:/progra~2/gnuarm~1/102021~1.10/bin/../lib/gcc/arm-none-eabi/10.3.1/../../../../arm-none-eabi/lib/thumb/v7e-m/nofp\libg.a(lib_a-mbtowc_r.o)
 .debug_frame   0x0000127c       0x40 c:/progra~2/gnuarm~1/102021~1.10/bin/../lib/gcc/arm-none-eabi/10.3.1/../../../../arm-none-eabi/lib/thumb/v7e-m/nofp\libg.a(lib_a-memmove.o)
 .debug_frame   0x000012bc       0x48 c:/progra~2/gnuarm~1/102021~1.10/bin/../lib/gcc/arm-none-eabi/10.3.1/../../../../arm-none-eabi/lib/thumb/v7e-m/nofp\libg.a(lib_a-reallocr.o)
 .debug_frame   0x00001304       0x64 c:/progra~2/gnuarm~1/102021~1.10/bin/../lib/gcc/arm-none-eabi/10.3.1/../../../../arm-none-eabi/lib/thumb/v7e-m/nofp\libg.a(lib_a-reent.o)
 .debug_frame   0x00001368       0xdc c:/progra~2/gnuarm~1/102021~1.10/bin/../lib/gcc/arm-none-eabi/10.3.1/../../../../arm-none-eabi/lib/thumb/v7e-m/nofp\libg.a(lib_a-vfiprintf.o)
 .debug_frame   0x00001444       0x3c c:/progra~2/gnuarm~1/102021~1.10/bin/../lib/gcc/arm-none-eabi/10.3.1/../../../../arm-none-eabi/lib/thumb/v7e-m/nofp\libg.a(lib_a-wctomb_r.o)
 .debug_frame   0x00001480       0x2c c:/progra~2/gnuarm~1/102021~1.10/bin/../lib/gcc/arm-none-eabi/10.3.1/../../../../arm-none-eabi/lib/thumb/v7e-m/nofp\libg.a(lib_a-wsetup.o)
 .debug_frame   0x000014ac       0x28 c:/progra~2/gnuarm~1/102021~1.10/bin/../lib/gcc/arm-none-eabi/10.3.1/../../../../arm-none-eabi/lib/thumb/v7e-m/nofp\libg.a(lib_a-abort.o)
 .debug_frame   0x000014d4       0x70 c:/progra~2/gnuarm~1/102021~1.10/bin/../lib/gcc/arm-none-eabi/10.3.1/../../../../arm-none-eabi/lib/thumb/v7e-m/nofp\libg.a(lib_a-fflush.o)
 .debug_frame   0x00001544      0x154 c:/progra~2/gnuarm~1/102021~1.10/bin/../lib/gcc/arm-none-eabi/10.3.1/../../../../arm-none-eabi/lib/thumb/v7e-m/nofp\libg.a(lib_a-findfp.o)
 .debug_frame   0x00001698       0x88 c:/progra~2/gnuarm~1/102021~1.10/bin/../lib/gcc/arm-none-eabi/10.3.1/../../../../arm-none-eabi/lib/thumb/v7e-m/nofp\libg.a(lib_a-fputwc.o)
 .debug_frame   0x00001720       0x64 c:/progra~2/gnuarm~1/102021~1.10/bin/../lib/gcc/arm-none-eabi/10.3.1/../../../../arm-none-eabi/lib/thumb/v7e-m/nofp\libg.a(lib_a-fvwrite.o)
 .debug_frame   0x00001784       0x54 c:/progra~2/gnuarm~1/102021~1.10/bin/../lib/gcc/arm-none-eabi/10.3.1/../../../../arm-none-eabi/lib/thumb/v7e-m/nofp\libg.a(lib_a-fwalk.o)
 .debug_frame   0x000017d8       0x70 c:/progra~2/gnuarm~1/102021~1.10/bin/../lib/gcc/arm-none-eabi/10.3.1/../../../../arm-none-eabi/lib/thumb/v7e-m/nofp\libg.a(lib_a-makebuf.o)
 .debug_frame   0x00001848      0x114 c:/progra~2/gnuarm~1/102021~1.10/bin/../lib/gcc/arm-none-eabi/10.3.1/../../../../arm-none-eabi/lib/thumb/v7e-m/nofp\libg.a(lib_a-signal.o)
 .debug_frame   0x0000195c       0x3c c:/progra~2/gnuarm~1/102021~1.10/bin/../lib/gcc/arm-none-eabi/10.3.1/../../../../arm-none-eabi/lib/thumb/v7e-m/nofp\libg.a(lib_a-signalr.o)
 .debug_frame   0x00001998       0x8c c:/progra~2/gnuarm~1/102021~1.10/bin/../lib/gcc/arm-none-eabi/10.3.1/../../../../arm-none-eabi/lib/thumb/v7e-m/nofp\libg.a(lib_a-stdio.o)
 .debug_frame   0x00001a24       0x4c c:/progra~2/gnuarm~1/102021~1.10/bin/../lib/gcc/arm-none-eabi/10.3.1/../../../../arm-none-eabi/lib/thumb/v7e-m/nofp\libg.a(lib_a-wbuf.o)
 .debug_frame   0x00001a70       0x60 c:/progra~2/gnuarm~1/102021~1.10/bin/../lib/gcc/arm-none-eabi/10.3.1/../../../../arm-none-eabi/lib/thumb/v7e-m/nofp\libg.a(lib_a-wcrtomb.o)
 .debug_frame   0x00001ad0       0x2c c:/progra~2/gnuarm~1/102021~1.10/bin/../lib/gcc/arm-none-eabi/10.3.1/../../../../arm-none-eabi/lib/thumb/v7e-m/nofp\libg.a(lib_a-writer.o)